E/cutils-trace(  522): Error opening trace file: No such file or directory (2)
D/dalvikvm(  522): GC_CONCURRENT freed 96K, 15% free 588K/688K, paused 0ms+0ms, total 1ms
W/ContextImpl(  264): Calling a method in the system process without a qualified user: android.app.ContextImpl.sendBroadcast:1123 com.android.server.InputMethodManagerService.hideCurrentInputLocked:1880 com.android.server.InputMethodManagerService.windowGainedFocus:1968 com.android.internal.view.IInputMethodManager$Stub.onTransact:221 com.android.server.InputMethodManagerService.onTransact:818 
I/ActivityManager(  264): Displayed com.vphone.launcher/.Launcher: +828ms
V/WebViewChromium(  468): Binding Chromium to the background looper Looper (main, tid 1) {4a799278}
I/chromium(  468): [INFO:library_loader_hooks.cc(112)] Chromium logging enabled: level = 0, default verbosity = 0
I/BrowserProcessMain(  468): Initializing chromium process, renderers=0
W/chromium(  468): [WARNING:proxy_service.cc(888)] PAC support disabled because there is no system implementation
W/dalvikvm(  468): VFY: unable to find class referenced in signature (Ljava/nio/file/Path;)
W/dalvikvm(  468): VFY: unable to find class referenced in signature ([Ljava/nio/file/OpenOption;)
I/dalvikvm(  468): Could not find method java.nio.file.Files.newOutputStream, referenced from method okio.Okio.sink
W/dalvikvm(  468): VFY: unable to resolve static method 45304: Ljava/nio/file/Files;.newOutputStream (Ljava/nio/file/Path;[Ljava/nio/file/OpenOption;)Ljava/io/OutputStream;
D/dalvikvm(  468): VFY: replacing opcode 0x71 at 0x000a
W/dalvikvm(  468): VFY: unable to find class referenced in signature (Ljava/nio/file/Path;)
W/dalvikvm(  468): VFY: unable to find class referenced in signature ([Ljava/nio/file/OpenOption;)
I/dalvikvm(  468): Could not find method java.nio.file.Files.newInputStream, referenced from method okio.Okio.source
W/dalvikvm(  468): VFY: unable to resolve static method 45303: Ljava/nio/file/Files;.newInputStream (Ljava/nio/file/Path;[Ljava/nio/file/OpenOption;)Ljava/io/InputStream;
D/dalvikvm(  468): VFY: replacing opcode 0x71 at 0x000a
D/dalvikvm(  468): GC_FOR_ALLOC freed 237K, 8% free 4539K/4912K, paused 3ms, total 3ms
I/dalvikvm-heap(  468): Grow heap (frag case) to 5.092MB for 635808-byte allocation
D/dalvikvm(  468): GC_CONCURRENT freed 9K, 7% free 5151K/5536K, paused 1ms+1ms, total 4ms
D/Launcher(  468): 11683562 - bindAddScreens()
D/Launcher(  468): 11683562 -   orderedScreenIds: 1
D/Launcher.Workspace(  468): 11683562 - insertNewWorkspaceScreen(): 1 at index: 0
D/dalvikvm(  468): GC_CONCURRENT freed 1244K, 23% free 4575K/5872K, paused 1ms+2ms, total 9ms
D/EventBus(  468): No subscribers registered for event class com.vphone.launcher.game.event.RankEvent
D/EventBus(  468): No subscribers registered for event class org.greenrobot.eventbus.NoSubscriberEvent
D/dalvikvm(  468): GC_CONCURRENT freed 375K, 19% free 4794K/5872K, paused 1ms+1ms, total 8ms
D/dalvikvm(  468): WAIT_FOR_CONCURRENT_GC blocked 5ms
D/dalvikvm(  468): GC_CONCURRENT freed 66K, 9% free 5380K/5872K, paused 3ms+1ms, total 11ms
D/dalvikvm(  468): WAIT_FOR_CONCURRENT_GC blocked 7ms
D/dalvikvm(  468): WAIT_FOR_CONCURRENT_GC blocked 9ms
W/ContextImpl(  468): Calling a method in the system process without a qualified user: android.app.ContextImpl.sendBroadcast:1123 android.content.ContextWrapper.sendBroadcast:365 com.vphone.launcher.Hotseat$19.a:640 com.vphone.launcher.Hotseat$19.onResponse:629 com.vphone.launcher.network.GsonRequest.deliverResponse:52 
D/dalvikvm(  468): GC_CONCURRENT freed 1313K, 23% free 4829K/6200K, paused 2ms+1ms, total 14ms
W/DebugConnManager(  468): getNetworkInfo() on networkType 1
D/EventBus(  468): No subscribers registered for event class com.vphone.launcher.game.event.RefreshAdViewEvent
D/EventBus(  468): No subscribers registered for event class org.greenrobot.eventbus.NoSubscriberEvent
I/SurfaceFlinger(  167): Boot is finished (6951 ms)
D/BluetoothManagerService(  264): Retrieving Bluetooth Adapter name and address...
D/BluetoothManagerService(  264): getNameAndAddress(): mBluetooth = null mBinding = false
D/BluetoothManagerService(  264): Message: 200
D/BluetoothManagerService(  264): MESSAGE_GET_NAME_AND_ADDRESS
D/BluetoothManagerService(  264): Binding to service to get name and address
E/BluetoothManagerService(  264): Fail to bind to: Intent { act=android.bluetooth.IBluetooth }
E/BluetoothHeadset(  264): Could not bind to Bluetooth Headset Service with Intent { act=android.bluetooth.IBluetoothHeadset }
E/BluetoothA2dp(  264): Could not bind to Bluetooth A2DP Service with Intent { act=android.bluetooth.IBluetoothA2dp }
D/BluetoothManagerService(  264): Message: 20
D/BluetoothManagerService(  264): Added callback: android.bluetooth.BluetoothAdapter$1@4a8856b8:true
D/BluetoothManagerService(  264): Message: 30
D/BluetoothManagerService(  264): Message: 30
V/WiredAccessoryManager(  264): init()
D/dalvikvm(  468): GC_CONCURRENT freed 488K, 22% free 4877K/6200K, paused 1ms+0ms, total 4ms
D/AndroidRuntime(  583): 
D/AndroidRuntime(  583): >>>>>> AndroidRuntime START com.android.internal.os.RuntimeInit <<<<<<
I/RecoverySystem(  264): No recovery log file
I/ActivityManager(  264): Start proc com.android.providers.calendar for broadcast com.android.providers.calendar/.CalendarReceiver: pid=593 uid=10001 gids={50001, 3003, 1028, 1015, 1023}
I/dalvikvm(  593): ignoring registerObject request in thread=1
I/dalvikvm(  593): ignoring registerObject request in thread=1
I/BootReceiver(  264): Copying audit failures to DropBox
I/BootReceiver(  264): Checking for fsck errors
I/ActivityManager(  264): Start proc android.process.media for content provider com.android.providers.downloads/.DownloadProvider: pid=609 uid=10004 gids={50004, 1028, 1015, 1023, 1024, 2001, 3003, 3007}
I/dalvikvm(  609): ignoring registerObject request in thread=1
I/dalvikvm(  609): ignoring registerObject request in thread=1
I/CalendarProvider2(  593): Created com.android.providers.calendar.CalendarAlarmManager@4a7a6f24(com.android.providers.calendar.CalendarProvider2@4a7a2e0c)
D/dalvikvm(  468): GC_CONCURRENT freed 535K, 21% free 4945K/6200K, paused 8ms+0ms, total 11ms
D/dalvikvm(  468): GC_CONCURRENT freed 111K, 13% free 5435K/6200K, paused 3ms+1ms, total 11ms
I/PowerManagerService(  264): Boot animation finished.
D/AndroidRuntime(  583): CheckJNI is OFF
D/dalvikvm(  583): Using executionMode 2
D/dalvikvm(  468): GC_CONCURRENT freed 926K, 16% free 5377K/6360K, paused 1ms+1ms, total 8ms
D/dalvikvm(  468): WAIT_FOR_CONCURRENT_GC blocked 3ms
D/dalvikvm(  583): Trying to load lib libjavacore.so 0x0
D/dalvikvm(  583): Added shared lib libjavacore.so 0x0
D/dalvikvm(  583): Trying to load lib libnativehelper.so 0x0
D/dalvikvm(  583): Added shared lib libnativehelper.so 0x0
D/dalvikvm(  583): No JNI_OnLoad found in libnativehelper.so 0x0, skipping init
D/dalvikvm(  168): GC_EXPLICIT freed 37K, 4% free 2843K/2940K, paused 0ms+0ms, total 5ms
I/ActivityManager(  264): Start proc com.android.onetimeinitializer for broadcast com.android.onetimeinitializer/.OneTimeInitializerReceiver: pid=644 uid=10007 gids={50007}
D/dalvikvm(  168): GC_EXPLICIT freed <1K, 4% free 2843K/2940K, paused 0ms+0ms, total 4ms
I/dalvikvm(  644): ignoring registerObject request in thread=1
I/dalvikvm(  644): ignoring registerObject request in thread=1
D/dalvikvm(  168): GC_EXPLICIT freed <1K, 4% free 2843K/2940K, paused 0ms+0ms, total 8ms
V/OneTimeInitializerRece(  644): OneTimeInitializerReceiver.onReceive
D/dalvikvm(  468): GC_CONCURRENT freed 782K, 16% free 5381K/6360K, paused 1ms+1ms, total 5ms
I/ActivityManager(  264): Delay finish: com.android.onetimeinitializer/.OneTimeInitializerReceiver
I/ActivityManager(  264): Resuming delayed broadcast
I/dalvikvm(  667): ignoring registerObject request in thread=1
I/dalvikvm(  667): ignoring registerObject request in thread=1
I/ActivityManager(  264): Start proc com.bignox.app.store.hd for broadcast com.bignox.app.store.hd/.providers.downloads.DownloadReceiver: pid=667 uid=1000 gids={41000, 1028, 1015, 1023, 3002, 3001, 3003, 1007}
D/dalvikvm(  583): Note: class Landroid/app/ActivityManagerNative; has 179 unimplemented (abstract) methods
D/dalvikvm(  468): GC_CONCURRENT freed 757K, 13% free 5542K/6360K, paused 1ms+0ms, total 17ms
D/dalvikvm(  609): JIT code cache reset in 0 ms (0 bytes 1/0)
D/dalvikvm(  609): GC_CONCURRENT freed 232K, 9% free 3027K/3320K, paused 0ms+0ms, total 2ms
D/dalvikvm(  667): No JNI_OnLoad found in /system/lib/libxl_thunder_sdk.so 0x94f32de0, skipping init
D/dalvikvm(  667): No JNI_OnLoad found in /system/lib/libvphone_xl_thunder_iface.so 0x94f32de0, skipping init
I/XLUtil  (  667): loadAndParseFile start
I/XLUtil  (  667): loadAndParseFile end
I/XLDownloadManager(  667): Peerid:RjA3NjFDNUNGRjNDMDBYWQ==
I/XLDownloadManager(  667): Guid:MzU1NzU3MDEwMjQwNzY2X0YwNzYxQzVDRkYzQw==
D/dalvikvm(  468): GC_CONCURRENT freed 1011K, 15% free 5576K/6488K, paused 1ms+1ms, total 10ms
E/memtrack(  583): Couldn't load memtrack module (No such file or directory)
E/android.os.Debug(  583): failed to load memtrack module: -2
I/XLDownloadManager(  667): doMonitorNetworkChange()
I/XLDownloadManager(  667): register Receiver
D/dalvikvm(  468): GC_CONCURRENT freed 1054K, 17% free 5436K/6548K, paused 8ms+0ms, total 13ms
D/dalvikvm(  468): WAIT_FOR_CONCURRENT_GC blocked 2ms
D/AndroidRuntime(  583): Calling main entry com.android.commands.pm.Pm
D/AndroidRuntime(  583): Shutting down VM
E/cutils-trace(  583): Error opening trace file: No such file or directory (2)
D/dalvikvm(  583): GC_CONCURRENT freed 150K, 22% free 566K/720K, paused 0ms+0ms, total 1ms
I/AndroidRuntime(  583): NOTE: attach of thread 'Binder_2' failed
D/dalvikvm(  264): GC_CONCURRENT freed 363K, 8% free 5375K/5804K, paused 0ms+0ms, total 12ms
D/dalvikvm(  468): GC_CONCURRENT freed 821K, 18% free 5415K/6548K, paused 0ms+1ms, total 5ms
D/dalvikvm(  667): GC_CONCURRENT freed 242K, 9% free 3077K/3380K, paused 3ms+0ms, total 5ms
W/ActivityThread(  667): ClassLoader.loadClass: The class loader returned by Thread.getContextClassLoader() may fail for processes that host multiple applications. You should explicitly specify a context class loader. For example: Thread.setContextClassLoader(getClass().getClassLoader());
D/dalvikvm(  468): GC_CONCURRENT freed 846K, 18% free 5428K/6548K, paused 0ms+1ms, total 6ms
D/dalvikvm(  468): WAIT_FOR_CONCURRENT_GC blocked 3ms
D/dalvikvm(  667): GC_CONCURRENT freed 260K, 10% free 3206K/3532K, paused 1ms+0ms, total 3ms
D/Volley  (  667): [1] DiskBasedCache.clear: Cache cleared.
W/ContextImpl(  667): Calling a method in the system process without a qualified user: android.app.ContextImpl.startService:1492 android.content.ContextWrapper.startService:494 com.bignox.app.store.hd.StoreApplication.onCreate:97 android.app.Instrumentation.callApplicationOnCreate:1024 android.app.ActivityThread.handleBindApplication:4346 
I/HttpDnsSDK(  667): HttpDnsThreadFactory create a new thread, name: Thread-58
I/HttpDnsSDK(  667): HttpDnsThreadFactory create a new thread, name: Thread-59
I/HttpDnsSDK(  667): HttpDnsThreadFactory create a new thread, name: Thread-61
W/ContextImpl(  667): Calling a method in the system process without a qualified user: android.app.ContextImpl.startService:1492 android.content.ContextWrapper.startService:494 android.content.ContextWrapper.startService:494 com.bignox.app.store.hd.providers.downloads.DownloadReceiver.startService:188 com.bignox.app.store.hd.providers.downloads.DownloadReceiver.onReceive:48 
I/ActivityManager(  264): Delay finish: com.bignox.app.store.hd/.providers.downloads.DownloadReceiver
D/dalvikvm(  609): GC_CONCURRENT freed 246K, 9% free 3166K/3472K, paused 1ms+1ms, total 4ms
D/dalvikvm(  468): GC_FOR_ALLOC freed 448K, 16% free 5559K/6548K, paused 4ms, total 5ms
I/dalvikvm-heap(  468): Grow heap (frag case) to 6.483MB for 1048588-byte allocation
D/dalvikvm(  468): GC_FOR_ALLOC freed 42K, 14% free 6541K/7576K, paused 4ms, total 4ms
D/dalvikvm(  468): GC_CONCURRENT freed 1K, 14% free 6539K/7576K, paused 1ms+0ms, total 5ms
V/MediaScanner(  609): pruneDeadThumbnailFiles... android.database.sqlite.SQLiteCursor@4a7d7e20
V/MediaScanner(  609): /pruneDeadThumbnailFiles... android.database.sqlite.SQLiteCursor@4a7d7e20
D/Sensors (  264): Client connection accepted (167)
D/dalvikvm(  667): GC_CONCURRENT freed 277K, 10% free 3337K/3676K, paused 131ms+12ms, total 145ms
D/dalvikvm(  667): GC_CONCURRENT freed 325K, 11% free 3415K/3808K, paused 2ms+1ms, total 4ms
D/HttpDnsSDK(  667): 57 - VMStack.java:-2 - [getThreadStackTrace] - stat: XL2AzrQo3PEDAPNrV/LOv75Y
I/com.bignox.app.store.hd.repositories.AppRepository(  667): delete app by package url :com.bignox.app.store.hd
D/dalvikvm(  667): GC_CONCURRENT freed 425K, 13% free 3399K/3888K, paused 2ms+0ms, total 5ms
D/HttpDnsSDK(  667): 59 - VMStack.java:-2 - [getThreadStackTrace] - resolve host: ressrc.yeshen.com, return: {"host":"ressrc.yeshen.com","ips":["60.205.13.186"],"ttl":168,"origin_ttl":600}
D/Event   (  667): No subscribers registered for event class com.bignox.app.store.hd.providers.downloads.CountEvent
D/Event   (  667): No subscribers registered for event class de.greenrobot.event.NoSubscriberEvent
D/HttpDnsSDK(  667): 58 - VMStack.java:-2 - [getThreadStackTrace] - resolve host: res.yeshen.com, return: {"host":"res.yeshen.com","ips":["211.91.255.35"],"ttl":15,"origin_ttl":60}
D/HttpDnsSDK(  667): 61 - VMStack.java:-2 - [getThreadStackTrace] - resolve host: res.src.yeshen.com, return: {"host":"res.src.yeshen.com","ips":[],"ttl":300}
I/ActivityManager(  264): Resuming delayed broadcast
W/ContextImpl(  468): Calling a method in the system process without a qualified user: android.app.ContextImpl.startService:1492 android.content.ContextWrapper.startService:494 android.content.ContextWrapper.startService:494 com.vphone.launcher.providers.downloads.DownloadReceiver.a:188 com.vphone.launcher.providers.downloads.DownloadReceiver.onReceive:48 
D/dalvikvm(  667): GC_CONCURRENT freed 362K, 12% free 3451K/3888K, paused 4ms+1ms, total 7ms
D/AndroidRuntime(  713): 
D/AndroidRuntime(  713): >>>>>> AndroidRuntime START com.android.internal.os.RuntimeInit <<<<<<
D/Event   (  667): No subscribers registered for event class com.bignox.app.store.hd.model.Game
D/Event   (  667): No subscribers registered for event class de.greenrobot.event.NoSubscriberEvent
D/Event   (  667): No subscribers registered for event class com.bignox.app.store.hd.providers.downloads.CountEvent
D/Event   (  667): No subscribers registered for event class de.greenrobot.event.NoSubscriberEvent
D/Event   (  667): No subscribers registered for event class com.bignox.app.store.hd.providers.downloads.CountEvent
D/Event   (  667): No subscribers registered for event class de.greenrobot.event.NoSubscriberEvent
D/HttpDnsSDK(  667): 57 - VMStack.java:-2 - [getThreadStackTrace] - get MAN response: {"t":1555924887628,"ret":"E0102","success":"fail"}
W/ContextImpl(  667): Calling a method in the system process without a qualified user: android.app.ContextImpl.sendBroadcast:1123 android.content.ContextWrapper.sendBroadcast:365 com.bignox.app.store.hd.asynctask.InitPackageMapTask.onPostExecute:284 com.bignox.app.store.hd.asynctask.InitPackageMapTask.onPostExecute:32 android.os.AsyncTask.finish:632 
D/AndroidRuntime(  713): CheckJNI is OFF
D/dalvikvm(  713): Using executionMode 2
D/dalvikvm(  713): Trying to load lib libjavacore.so 0x0
D/dalvikvm(  713): Added shared lib libjavacore.so 0x0
D/dalvikvm(  713): Trying to load lib libnativehelper.so 0x0
D/dalvikvm(  713): Added shared lib libnativehelper.so 0x0
D/dalvikvm(  713): No JNI_OnLoad found in libnativehelper.so 0x0, skipping init
D/dalvikvm(  667): GC_CONCURRENT freed 365K, 11% free 3472K/3900K, paused 0ms+0ms, total 2ms
D/dalvikvm(  713): Note: class Landroid/app/ActivityManagerNative; has 179 unimplemented (abstract) methods
W/ContextImpl(  264): Calling a method in the system process without a qualified user: android.app.ContextImpl.sendBroadcast:1123 com.android.server.NotificationManagerService$6.run:1838 android.os.Handler.handleCallback:733 android.os.Handler.dispatchMessage:95 android.os.Looper.loop:136 
E/memtrack(  713): Couldn't load memtrack module (No such file or directory)
E/android.os.Debug(  713): failed to load memtrack module: -2
D/AndroidRuntime(  713): Calling main entry com.android.commands.pm.Pm
D/AndroidRuntime(  713): Shutting down VM
E/cutils-trace(  713): Error opening trace file: No such file or directory (2)
D/dalvikvm(  713): GC_CONCURRENT freed 151K, 22% free 566K/720K, paused 0ms+1ms, total 1ms
I/CalendarProvider2(  593): Sending notification intent: Intent { act=android.intent.action.PROVIDER_CHANGED dat=content://com.android.calendar }
W/ContentResolver(  593): Failed to get type for: content://com.android.calendar (Unknown URL content://com.android.calendar)
E/TelephonyProvider(  457): Failed setting numeric '460072' to the current operator
D/AndroidRuntime(  732): 
D/AndroidRuntime(  732): >>>>>> AndroidRuntime START com.android.internal.os.RuntimeInit <<<<<<
D/AndroidRuntime(  732): CheckJNI is OFF
D/dalvikvm(  732): Using executionMode 2
D/dalvikvm(  732): Trying to load lib libjavacore.so 0x0
D/dalvikvm(  732): Added shared lib libjavacore.so 0x0
D/dalvikvm(  732): Trying to load lib libnativehelper.so 0x0
D/dalvikvm(  732): Added shared lib libnativehelper.so 0x0
D/dalvikvm(  732): No JNI_OnLoad found in libnativehelper.so 0x0, skipping init
D/dalvikvm(  732): Note: class Landroid/app/ActivityManagerNative; has 179 unimplemented (abstract) methods
E/memtrack(  732): Couldn't load memtrack module (No such file or directory)
E/android.os.Debug(  732): failed to load memtrack module: -2
D/AndroidRuntime(  732): Calling main entry com.android.commands.pm.Pm
D/AndroidRuntime(  732): Shutting down VM
E/cutils-trace(  732): Error opening trace file: No such file or directory (2)
D/dalvikvm(  732): GC_CONCURRENT freed 150K, 22% free 566K/720K, paused 0ms+0ms, total 1ms
D/NOX-AGPS(  746): 0|31008|41334(mnc=0, lac=31008, cid=41334) for lng=114.563583 & lat=28.001251 
D/Tethering(  264): MasterInitialState.processMessage what=3
D/HttpDnsSDK(  667): 1 - VMStack.java:-2 - [getThreadStackTrace] - [detectCurrentNetwork] - Network name:WIFI subType name: 
D/HttpDnsSDK(  667): 1 - VMStack.java:-2 - [getThreadStackTrace] - [BroadcastReceiver.onReceive] - Network state changed
D/HttpDnsSDK(  667): 1 - VMStack.java:-2 - [getThreadStackTrace] - [BroadcastReceiver.onReceive] - refresh host
D/CaptivePortalTracker(  264): NoActiveNetworkState{ when=0 what=1 obj=NetworkInfo: type: WIFI[], state: CONNECTED/CONNECTED, reason: (unspecified), extra: "AndroidAP", roaming: false, failover: false, isAvailable: true, isConnectedToProvisioningNetwork: false target=com.android.internal.util.StateMachine$SmHandler }
D/XLDownloadManager(  667): NetworkChangeHandlerThread nettype=9
D/HttpDnsSDK(  667): 73 - VMStack.java:-2 - [getThreadStackTrace] - stat: XL2AzrQo3PEDAPNrV/LOv75Y
D/XLDownloadManager(  667): NetworkChangeHandlerThread bssid=F0:76:1C:5C:FF:3C
W/ContextImpl(  667): Calling a method in the system process without a qualified user: android.app.ContextImpl.startService:1492 android.content.ContextWrapper.startService:494 android.content.ContextWrapper.startService:494 com.bignox.app.store.hd.providers.downloads.DownloadReceiver.startService:188 com.bignox.app.store.hd.providers.downloads.DownloadReceiver.onReceive:53 
W/ContextImpl(  468): Calling a method in the system process without a qualified user: android.app.ContextImpl.startService:1492 android.content.ContextWrapper.startService:494 android.content.ContextWrapper.startService:494 com.vphone.launcher.providers.downloads.DownloadReceiver.a:188 com.vphone.launcher.providers.downloads.DownloadReceiver.onReceive:53 
D/Event   (  667): No subscribers registered for event class com.bignox.app.store.hd.providers.downloads.CountEvent
D/Event   (  667): No subscribers registered for event class de.greenrobot.event.NoSubscriberEvent
D/HttpDnsSDK(  667): 73 - VMStack.java:-2 - [getThreadStackTrace] - get MAN response: {"t":1555924889714,"ret":"E0102","success":"fail"}
E/NOX     (   71): recv() error
D/NOX     (   71): Socket read error
D/HttpDnsSDK(  667): 58 - VMStack.java:-2 - [getThreadStackTrace] - resolve host: res.src.yeshen.com, return: {"host":"res.src.yeshen.com","ips":[],"ttl":300}
D/HttpDnsSDK(  667): 61 - VMStack.java:-2 - [getThreadStackTrace] - resolve host: ressrc.yeshen.com, return: {"host":"ressrc.yeshen.com","ips":["60.205.13.186"],"ttl":167,"origin_ttl":600}
D/HttpDnsSDK(  667): 59 - VMStack.java:-2 - [getThreadStackTrace] - resolve host: res.yeshen.com, return: {"host":"res.yeshen.com","ips":["211.91.255.35"],"ttl":14,"origin_ttl":60}
D/dalvikvm(  468): GC_FOR_ALLOC freed 1136K, 27% free 5590K/7576K, paused 4ms, total 4ms
D/dalvikvm(  468): GC_CONCURRENT freed 868K, 28% free 5530K/7576K, paused 1ms+1ms, total 5ms
D/AndroidRuntime(  765): 
D/AndroidRuntime(  765): >>>>>> AndroidRuntime START com.android.internal.os.RuntimeInit <<<<<<
D/AndroidRuntime(  765): CheckJNI is OFF
D/dalvikvm(  765): Using executionMode 2
D/dalvikvm(  765): Trying to load lib libjavacore.so 0x0
D/dalvikvm(  765): Added shared lib libjavacore.so 0x0
D/dalvikvm(  765): Trying to load lib libnativehelper.so 0x0
D/dalvikvm(  765): Added shared lib libnativehelper.so 0x0
D/dalvikvm(  765): No JNI_OnLoad found in libnativehelper.so 0x0, skipping init
D/dalvikvm(  765): Note: class Landroid/app/ActivityManagerNative; has 179 unimplemented (abstract) methods
E/memtrack(  765): Couldn't load memtrack module (No such file or directory)
E/android.os.Debug(  765): failed to load memtrack module: -2
D/AndroidRuntime(  765): Calling main entry com.android.commands.am.Am
D/AndroidRuntime(  765): Shutting down VM
E/cutils-trace(  765): Error opening trace file: No such file or directory (2)
I/dalvikvm(  468): Could not find method android.app.ActivityManager.removeTask, referenced from method com.vphone.launcher.service.CommonService.a
W/dalvikvm(  468): VFY: unable to resolve virtual method 522: Landroid/app/ActivityManager;.removeTask (I)Z
D/dalvikvm(  468): VFY: replacing opcode 0x6e at 0x0066
D/dalvikvm(  765): GC_CONCURRENT freed 96K, 15% free 585K/684K, paused 0ms+0ms, total 0ms
D/dalvikvm(  468): GC_FOR_ALLOC freed 165K, 28% free 5525K/7576K, paused 3ms, total 3ms
I/dalvikvm-heap(  468): Grow heap (frag case) to 37.090MB for 33177612-byte allocation
D/dalvikvm(  468): GC_CONCURRENT freed 2K, 6% free 37923K/39980K, paused 2ms+0ms, total 5ms
D/dalvikvm(  468): GC_FOR_ALLOC freed <1K, 6% free 37923K/39980K, paused 4ms, total 4ms
I/dalvikvm-heap(  468): Grow heap (frag case) to 43.338MB for 6553612-byte allocation
D/dalvikvm(  468): GC_FOR_ALLOC freed <1K, 5% free 44323K/46384K, paused 8ms, total 8ms
D/EventBus(  468): No subscribers registered for event class com.vphone.launcher.game.event.ThemeEvent
D/EventBus(  468): No subscribers registered for event class org.greenrobot.eventbus.NoSubscriberEvent
D/dalvikvm(  354): GC_FOR_ALLOC freed 6593K, 61% free 4405K/11056K, paused 3ms, total 4ms
I/dalvikvm-heap(  354): Grow heap (frag case) to 10.606MB for 6553612-byte allocation
D/dalvikvm(  354): GC_CONCURRENT freed 13K, 3% free 10792K/11056K, paused 2ms+1ms, total 5ms
D/AndroidRuntime(  790): 
D/AndroidRuntime(  790): >>>>>> AndroidRuntime START com.android.internal.os.RuntimeInit <<<<<<
D/AndroidRuntime(  790): CheckJNI is OFF
D/dalvikvm(  790): Using executionMode 2
D/dalvikvm(  790): Trying to load lib libjavacore.so 0x0
D/dalvikvm(  790): Added shared lib libjavacore.so 0x0
D/dalvikvm(  790): Trying to load lib libnativehelper.so 0x0
D/dalvikvm(  790): Added shared lib libnativehelper.so 0x0
D/dalvikvm(  790): No JNI_OnLoad found in libnativehelper.so 0x0, skipping init
D/dalvikvm(  790): Note: class Landroid/app/ActivityManagerNative; has 179 unimplemented (abstract) methods
E/memtrack(  790): Couldn't load memtrack module (No such file or directory)
E/android.os.Debug(  790): failed to load memtrack module: -2
D/AndroidRuntime(  790): Calling main entry com.android.commands.pm.Pm
D/AndroidRuntime(  790): Shutting down VM
E/cutils-trace(  790): Error opening trace file: No such file or directory (2)
D/dalvikvm(  790): GC_CONCURRENT freed 147K, 21% free 567K/716K, paused 0ms+0ms, total 1ms
I/dalvikvm(  468): Could not find method android.widget.LinearLayout.<init>, referenced from method com.bigkoo.convenientbanner.ConvenientBanner.<init>
W/dalvikvm(  468): VFY: unable to resolve direct method 17827: Landroid/widget/LinearLayout;.<init> (Landroid/content/Context;Landroid/util/AttributeSet;II)V
D/dalvikvm(  468): VFY: replacing opcode 0x70 at 0x0002
E/RecyclerView(  468): No adapter attached; skipping layout
E/RecyclerView(  468): No adapter attached; skipping layout
E/RecyclerView(  468): No adapter attached; skipping layout
E/RecyclerView(  468): No adapter attached; skipping layout
W/DebugConnManager(  468): getNetworkInfo() on networkType 1
W/DebugConnManager(  468): getNetworkInfo() on networkType 1
W/DebugConnManager(  468): getNetworkInfo() on networkType 1
W/DebugConnManager(  468): getNetworkInfo() on networkType 1
W/DebugConnManager(  468): getNetworkInfo() on networkType 1
D/dalvikvm(  468): GC_CONCURRENT freed 44529K, 85% free 7969K/52560K, paused 2ms+0ms, total 8ms
D/dalvikvm(  468): WAIT_FOR_CONCURRENT_GC blocked 5ms
I/dalvikvm-heap(  468): Grow heap (frag case) to 9.594MB for 1843212-byte allocation
D/dalvikvm(  468): WAIT_FOR_CONCURRENT_GC blocked 5ms
I/dalvikvm-heap(  468): Grow heap (frag case) to 9.610MB for 16396-byte allocation
D/dalvikvm(  468): GC_FOR_ALLOC freed 20K, 82% free 9765K/52560K, paused 9ms, total 9ms
D/dalvikvm(  468): GC_CONCURRENT freed 1031K, 79% free 11042K/52560K, paused 1ms+1ms, total 8ms
D/dalvikvm(  468): WAIT_FOR_CONCURRENT_GC blocked 6ms
D/dalvikvm(  468): WAIT_FOR_CONCURRENT_GC blocked 6ms
D/dalvikvm(  468): WAIT_FOR_CONCURRENT_GC blocked 6ms
D/dalvikvm(  468): WAIT_FOR_CONCURRENT_GC blocked 12ms
D/dalvikvm(  468): GC_FOR_ALLOC freed 974K, 77% free 12273K/52560K, paused 9ms, total 9ms
D/dalvikvm(  468): GC_FOR_ALLOC freed 2748K, 77% free 12576K/52560K, paused 5ms, total 5ms
D/dalvikvm(  468): GC_CONCURRENT freed 885K, 73% free 14262K/52560K, paused 2ms+1ms, total 26ms
D/dalvikvm(  468): GC_CONCURRENT freed 1611K, 69% free 16409K/52560K, paused 2ms+1ms, total 8ms
D/dalvikvm(  468): GC_CONCURRENT freed 1701K, 64% free 19231K/52560K, paused 2ms+1ms, total 12ms
D/dalvikvm(  468): WAIT_FOR_CONCURRENT_GC blocked 4ms
D/dalvikvm(  468): WAIT_FOR_CONCURRENT_GC blocked 11ms
D/dalvikvm(  468): WAIT_FOR_CONCURRENT_GC blocked 11ms
D/dalvikvm(  468): WAIT_FOR_CONCURRENT_GC blocked 14ms
D/dalvikvm(  468): WAIT_FOR_CONCURRENT_GC blocked 15ms
D/dalvikvm(  468): GC_CONCURRENT freed 2504K, 58% free 22192K/52560K, paused 1ms+2ms, total 12ms
D/dalvikvm(  468): WAIT_FOR_CONCURRENT_GC blocked 12ms
D/dalvikvm(  468): WAIT_FOR_CONCURRENT_GC blocked 10ms
D/dalvikvm(  468): WAIT_FOR_CONCURRENT_GC blocked 10ms
D/dalvikvm(  468): WAIT_FOR_CONCURRENT_GC blocked 13ms
D/dalvikvm(  468): GC_CONCURRENT freed 3057K, 52% free 25585K/52560K, paused 0ms+1ms, total 10ms
D/dalvikvm(  468): WAIT_FOR_CONCURRENT_GC blocked 9ms
D/dalvikvm(  468): WAIT_FOR_CONCURRENT_GC blocked 12ms
D/dalvikvm(  468): WAIT_FOR_CONCURRENT_GC blocked 13ms
D/dalvikvm(  468): WAIT_FOR_CONCURRENT_GC blocked 13ms
D/su      (  806): su invoked.
D/su      (  806): starting daemon client 0 0
D/su      (  808): remote pid: 806
D/su      (  808): remote pts_slave: 
D/su      (  808): waiting for child exit
D/su      (  810): su invoked.
D/su      (  810): Allowing root/system/radio.
D/su      (  810): 0 /system/bin/mksh executing 0 umount /mnt/sdcard/BigNoxGameHD using binary /system/bin/sh : sh -c umount /mnt/sdcard/BigNoxGameHD
D/su      (  808): sending code
D/su      (  808): child exited
D/su      (  806): client exited 1
D/su      (  813): su invoked.
D/su      (  813): starting daemon client 0 0
D/su      (  815): remote pid: 813
D/su      (  815): remote pts_slave: 
D/su      (  815): waiting for child exit
D/su      (  817): su invoked.
D/su      (  817): Allowing root/system/radio.
D/su      (  817): 0 /system/bin/mksh executing 0 mkdir -p /mnt/sdcard/BigNoxGameHD using binary /system/bin/sh : sh -c mkdir -p /mnt/sdcard/BigNoxGameHD
D/su      (  815): sending code
D/su      (  815): child exited
D/su      (  813): client exited 0
D/su      (  820): su invoked.
D/su      (  820): starting daemon client 0 0
D/su      (  822): remote pid: 820
D/su      (  822): remote pts_slave: 
D/su      (  822): waiting for child exit
D/su      (  824): su invoked.
D/su      (  824): Allowing root/system/radio.
D/su      (  824): 0 /system/bin/mksh executing 0 mount.vboxsf -o rw,uid=0,gid=1028 App /mnt/sdcard/BigNoxGameHD using binary /system/bin/sh : sh -c mount.vboxsf -o rw,uid=0,gid=1028 App /mnt/sdcard/BigNoxGameHD
D/su      (  822): sending code
D/su      (  822): child exited
D/su      (  820): client exited 0
D/su      (  828): su invoked.
D/su      (  828): starting daemon client 0 0
D/su      (  830): remote pid: 828
D/su      (  830): remote pts_slave: 
D/su      (  830): waiting for child exit
D/su      (  832): su invoked.
D/su      (  832): Allowing root/system/radio.
D/su      (  832): 0 /system/bin/mksh executing 0 umount /mnt/sdcard/Pictures/Screenshots/img using binary /system/bin/sh : sh -c umount /mnt/sdcard/Pictures/Screenshots/img
D/su      (  830): sending code
D/su      (  830): child exited
D/su      (  828): client exited 1
D/su      (  835): su invoked.
D/su      (  835): starting daemon client 0 0
D/su      (  837): remote pid: 835
D/su      (  837): remote pts_slave: 
D/su      (  837): waiting for child exit
D/su      (  839): su invoked.
D/su      (  839): Allowing root/system/radio.
D/su      (  839): 0 /system/bin/mksh executing 0 mkdir -p /mnt/sdcard/Pictures/Screenshots/img using binary /system/bin/sh : sh -c mkdir -p /mnt/sdcard/Pictures/Screenshots/img
D/su      (  837): sending code
D/su      (  837): child exited
D/su      (  835): client exited 0
D/su      (  842): su invoked.
D/su      (  842): starting daemon client 0 0
D/su      (  844): remote pid: 842
D/su      (  844): remote pts_slave: 
D/su      (  844): waiting for child exit
D/su      (  846): su invoked.
D/su      (  846): Allowing root/system/radio.
D/su      (  846): 0 /system/bin/mksh executing 0 mount.vboxsf -o rw,uid=0,gid=1028 Image /mnt/sdcard/Pictures/Screenshots/img using binary /system/bin/sh : sh -c mount.vboxsf -o rw,uid=0,gid=1028 Image /mnt/sdcard/Pictures/Screenshots/img
D/su      (  844): sending code
D/su      (  844): child exited
D/su      (  842): client exited 0
D/su      (  850): su invoked.
D/su      (  850): starting daemon client 0 0
D/su      (  852): remote pid: 850
D/su      (  852): remote pts_slave: 
D/su      (  852): waiting for child exit
D/su      (  854): su invoked.
D/su      (  854): Allowing root/system/radio.
D/su      (  854): 0 /system/bin/mksh executing 0 umount /mnt/sdcard/Download/other using binary /system/bin/sh : sh -c umount /mnt/sdcard/Download/other
D/su      (  852): sending code
D/su      (  852): child exited
D/su      (  850): client exited 1
D/su      (  857): su invoked.
D/su      (  857): starting daemon client 0 0
D/su      (  859): remote pid: 857
D/su      (  859): remote pts_slave: 
D/su      (  859): waiting for child exit
D/su      (  861): su invoked.
D/su      (  861): Allowing root/system/radio.
D/su      (  861): 0 /system/bin/mksh executing 0 mkdir -p /mnt/sdcard/Download/other using binary /system/bin/sh : sh -c mkdir -p /mnt/sdcard/Download/other
D/su      (  859): sending code
D/su      (  859): child exited
D/su      (  857): client exited 0
D/su      (  864): su invoked.
D/su      (  864): starting daemon client 0 0
D/su      (  866): remote pid: 864
D/su      (  866): remote pts_slave: 
D/su      (  866): waiting for child exit
D/su      (  868): su invoked.
D/su      (  868): Allowing root/system/radio.
D/su      (  868): 0 /system/bin/mksh executing 0 mount.vboxsf -o rw,uid=0,gid=1028 Other /mnt/sdcard/Download/other using binary /system/bin/sh : sh -c mount.vboxsf -o rw,uid=0,gid=1028 Other /mnt/sdcard/Download/other
D/su      (  866): sending code
D/su      (  866): child exited
D/su      (  864): client exited 0
D/su      (  872): su invoked.
D/su      (  872): starting daemon client 0 0
D/su      (  874): remote pid: 872
D/su      (  874): remote pts_slave: 
D/su      (  874): waiting for child exit
D/su      (  876): su invoked.
D/su      (  876): Allowing root/system/radio.
D/su      (  876): 0 /system/bin/mksh executing 0 cp -rf /mnt/shared/Image/*.* /mnt/sdcard/Pictures/Screenshots using binary /system/bin/sh : sh -c cp -rf /mnt/shared/Image/*.* /mnt/sdcard/Pictures/Screenshots
D/su      (  874): sending code
D/su      (  874): child exited
D/su      (  872): client exited 1
D/AndroidRuntime(  878): 
D/AndroidRuntime(  878): >>>>>> AndroidRuntime START com.android.internal.os.RuntimeInit <<<<<<
D/AndroidRuntime(  878): CheckJNI is OFF
D/dalvikvm(  878): Using executionMode 2
D/dalvikvm(  878): Trying to load lib libjavacore.so 0x0
D/dalvikvm(  878): Added shared lib libjavacore.so 0x0
D/dalvikvm(  878): Trying to load lib libnativehelper.so 0x0
D/dalvikvm(  878): Added shared lib libnativehelper.so 0x0
D/dalvikvm(  878): No JNI_OnLoad found in libnativehelper.so 0x0, skipping init
D/dalvikvm(  878): Note: class Landroid/app/ActivityManagerNative; has 179 unimplemented (abstract) methods
E/memtrack(  878): Couldn't load memtrack module (No such file or directory)
E/android.os.Debug(  878): failed to load memtrack module: -2
D/AndroidRuntime(  878): Calling main entry com.android.commands.settings.SettingsCmd
D/AndroidRuntime(  878): Shutting down VM
E/cutils-trace(  878): Error opening trace file: No such file or directory (2)
D/dalvikvm(  878): GC_CONCURRENT freed 95K, 15% free 562K/660K, paused 0ms+0ms, total 0ms
D/BluetoothAdapter(  445): 1249513032: getState() :  mService = null. Returning STATE_OFF
I/FusedLocation(  264): engine stopped (com.android.location.fused)
I/FusedLocation(  264): engine started (com.android.location.fused)
I/FusedLocation(  264): engine started (com.android.location.fused)
W/DebugConnManager(  264): getNetworkInfo() on networkType 1
E/GpsLocationProvider(  264): no AGPS interface in set_agps_server
D/GpsLocationProvider(  264): NTP server returned: 1555924890063 (Mon Apr 22 17:21:30 GMT+08:00 2019) reference: 11036 certainty: 186 system time offset: -6567
D/CaptivePortalTracker(  264): DelayedCaptiveCheckState{ when=-8ms what=2 arg1=1 target=com.android.internal.util.StateMachine$SmHandler }
D/CaptivePortalTracker(  264): Checking http://172.217.24.46/generate_204
D/SettingsProvider(  264): User 0 external modification to /data/data/com.android.providers.settings/databases/settings.db; event=8
D/SettingsProvider(  264): User 0 updating our caches for /data/data/com.android.providers.settings/databases/settings.db
W/DebugConnManager(  468): getNetworkInfo() on networkType 1
D/CaptivePortalTracker(  264): Probably not a portal: exception java.net.SocketTimeoutException: failed to connect to /172.217.24.46 (port 80) after 10000ms
D/CaptivePortalTracker(  264): Don't send network conditions - lacking user consent.
D/CaptivePortalTracker(  264): Not captive network NetworkInfo: type: WIFI[], state: CONNECTED/CONNECTED, reason: (unspecified), extra: "AndroidAP", roaming: false, failover: false, isAvailable: true, isConnectedToProvisioningNetwork: false
D/CaptivePortalTracker(  264): notifyPortalCheckCompleted: captive=false ni=NetworkInfo: type: WIFI[], state: CONNECTED/CONNECTED, reason: (unspecified), extra: "AndroidAP", roaming: false, failover: false, isAvailable: true, isConnectedToProvisioningNetwork: false
D/SettingsProvider(  264): User 0 external modification to /data/data/com.android.providers.settings/databases/settings.db; event=8
D/SettingsProvider(  264): User 0 updating our caches for /data/data/com.android.providers.settings/databases/settings.db
D/dalvikvm(  264): GC_CONCURRENT freed 457K, 9% free 5457K/5984K, paused 1ms+0ms, total 6ms
D/SettingsProvider(  264): User 0 external modification to /data/data/com.android.providers.settings/databases/settings.db; event=8
D/SettingsProvider(  264): User 0 updating our caches for /data/data/com.android.providers.settings/databases/settings.db
D/SettingsProvider(  264): User 0 external modification to /data/data/com.android.providers.settings/databases/settings.db; event=8
D/SettingsProvider(  264): User 0 updating our caches for /data/data/com.android.providers.settings/databases/settings.db
D/        (  264): Setting time of day to sec=1555924890
D/SettingsProvider(  264): User 0 external modification to /data/data/com.android.providers.settings/databases/settings.db; event=8
D/SettingsProvider(  264): User 0 updating our caches for /data/data/com.android.providers.settings/databases/settings.db
D/SettingsProvider(  264): User 0 external modification to /data/data/com.android.providers.settings/databases/settings.db; event=8
D/SettingsProvider(  264): User 0 updating our caches for /data/data/com.android.providers.settings/databases/settings.db
W/PropertyValuesHolder(  468): Method setBrightness() with type int not found on target class class mh
W/PropertyValuesHolder(  468): Method getBrightness() with type int not found on target class class mh
I/AudioMixer(  170): found effect "Multichannel Downmix To Stereo" from The Android Open Source Project
I/ActivityManager(  264): START u0 {act=android.intent.action.MAIN cat=[android.intent.category.LAUNCHER] flg=0x10200000 cmp=com.android.settings/.Settings bnds=[560,1130][698,1272] (has extras)} from pid 468
D/PermissionCache(  167): checking android.permission.READ_FRAME_BUFFER for uid=1000 => granted (110 us)
D/dalvikvm(  264): GC_FOR_ALLOC freed 309K, 8% free 5554K/5984K, paused 7ms, total 7ms
D/dalvikvm(  264): GC_FOR_ALLOC freed 16K, 8% free 5751K/6196K, paused 5ms, total 5ms
W/ContextImpl(  468): Calling a method in the system process without a qualified user: android.app.ContextImpl.sendBroadcast:1137 android.content.ContextWrapper.sendBroadcast:370 com.vphone.launcher.Stats.recordLaunch:129 com.vphone.launcher.Launcher.c:3179 com.vphone.launcher.Launcher.onClickAppShortcut:3117 
D/        (  264): HostConnection::get() New Host Connection established 0xb860eb00, tid 276
D/dalvikvm(  445): GC_CONCURRENT freed 146K, 7% free 3086K/3292K, paused 6ms+0ms, total 18ms
D/dalvikvm(  445): WAIT_FOR_CONCURRENT_GC blocked 11ms
I/dalvikvm-heap(  445): Grow heap (frag case) to 3.673MB for 635808-byte allocation
D/dalvikvm(  445): GC_FOR_ALLOC freed 4K, 6% free 3702K/3916K, paused 7ms, total 7ms
D/BluetoothAdapter(  445): 1249513032: getState() :  mService = null. Returning STATE_OFF
D/libEGL  (  445): loaded /system/lib/egl/libEGL_adreno.so
D/        (  445): HostConnection::get() New Host Connection established 0xb84ff330, tid 445
D/libEGL  (  445): loaded /system/lib/egl/libGLESv1_CM_adreno.so
D/libEGL  (  445): loaded /system/lib/egl/libGLESv2_adreno.so
W/EGL_emulation(  445): eglSurfaceAttrib not implemented 3093 12436
D/OpenGLRenderer(  445): Enabling debug mode 0
D/AndroidRuntime( 1156): 
D/AndroidRuntime( 1156): >>>>>> AndroidRuntime START com.android.internal.os.RuntimeInit <<<<<<
D/WifiService(  264): setWifiEnabled: true pid=445, uid=1000
D/dalvikvm(  445): GC_CONCURRENT freed 74K, 4% free 4015K/4152K, paused 2ms+0ms, total 4ms
W/ContextImpl(  264): Calling a method in the system process without a qualified user: android.app.ContextImpl.sendBroadcast:1123 com.android.server.InputMethodManagerService.hideCurrentInputLocked:1880 com.android.server.InputMethodManagerService.windowGainedFocus:1968 com.android.internal.view.IInputMethodManager$Stub.onTransact:221 com.android.server.InputMethodManagerService.onTransact:818 
I/ActivityManager(  264): Displayed com.android.settings/.Settings: +483ms
W/DebugConnManager(  468): getNetworkInfo() on networkType 1
D/AndroidRuntime( 1156): CheckJNI is OFF
D/dalvikvm( 1156): Using executionMode 2
D/dalvikvm( 1156): Trying to load lib libjavacore.so 0x0
D/dalvikvm( 1156): Added shared lib libjavacore.so 0x0
D/dalvikvm( 1156): Trying to load lib libnativehelper.so 0x0
D/dalvikvm( 1156): Added shared lib libnativehelper.so 0x0
D/dalvikvm( 1156): No JNI_OnLoad found in libnativehelper.so 0x0, skipping init
D/dalvikvm( 1156): Note: class Landroid/app/ActivityManagerNative; has 179 unimplemented (abstract) methods
E/memtrack( 1156): Couldn't load memtrack module (No such file or directory)
E/android.os.Debug( 1156): failed to load memtrack module: -2
D/AndroidRuntime( 1156): Calling main entry com.android.commands.pm.Pm
D/AndroidRuntime( 1156): Shutting down VM
E/cutils-trace( 1156): Error opening trace file: No such file or directory (2)
D/dalvikvm( 1156): GC_CONCURRENT freed 147K, 21% free 567K/716K, paused 0ms+0ms, total 0ms
I/ActivityManager(  264): START u0 {act=android.intent.action.MAIN cmp=com.android.settings/.SubSettings (has extras)} from pid 445
D/SubSettings(  445): Launching fragment com.android.settings.DeviceInfoSettings
D/dalvikvm(  445): GC_CONCURRENT freed 91K, 4% free 4308K/4460K, paused 2ms+0ms, total 4ms
W/EGL_emulation(  445): eglSurfaceAttrib not implemented 3093 12436
I/ActivityManager(  264): Displayed com.android.settings/.SubSettings: +122ms
W/ContextImpl(  264): Calling a method in the system process without a qualified user: android.app.ContextImpl.sendBroadcast:1123 com.android.server.InputMethodManagerService.hideCurrentInputLocked:1880 com.android.server.InputMethodManagerService.windowGainedFocus:1968 com.android.internal.view.IInputMethodManager$Stub.onTransact:221 com.android.server.InputMethodManagerService.onTransact:818 
D/BluetoothAdapter(  445): 1249513032: getState() :  mService = null. Returning STATE_OFF
W/EGL_emulation(  445): eglSurfaceAttrib not implemented 3093 12436
W/ContextImpl(  264): Calling a method in the system process without a qualified user: android.app.ContextImpl.sendBroadcast:1123 com.android.server.InputMethodManagerService.hideCurrentInputLocked:1880 com.android.server.InputMethodManagerService.windowGainedFocus:1968 com.android.internal.view.IInputMethodManager$Stub.onTransact:221 com.android.server.InputMethodManagerService.onTransact:818 
I/ActivityManager(  264): START u0 {act=android.intent.action.MAIN cmp=com.android.settings/.SubSettings (has extras)} from pid 445
D/SubSettings(  445): Launching fragment com.android.settings.wifi.WifiSettings
W/EGL_emulation(  445): eglSurfaceAttrib not implemented 3093 12436
D/dalvikvm(  445): GC_CONCURRENT freed 209K, 6% free 4496K/4756K, paused 2ms+1ms, total 6ms
I/ActivityManager(  264): Displayed com.android.settings/.SubSettings: +152ms
W/ContextImpl(  264): Calling a method in the system process without a qualified user: android.app.ContextImpl.sendBroadcast:1123 com.android.server.InputMethodManagerService.hideCurrentInputLocked:1880 com.android.server.InputMethodManagerService.windowGainedFocus:1968 com.android.internal.view.IInputMethodManager$Stub.onTransact:221 com.android.server.InputMethodManagerService.onTransact:818 
D/BluetoothAdapter(  445): 1249513032: getState() :  mService = null. Returning STATE_OFF
W/EGL_emulation(  445): eglSurfaceAttrib not implemented 3093 12436
D/dalvikvm(  264): GC_CONCURRENT freed 302K, 6% free 6075K/6444K, paused 1ms+1ms, total 7ms
W/ContextImpl(  264): Calling a method in the system process without a qualified user: android.app.ContextImpl.sendBroadcast:1123 com.android.server.InputMethodManagerService.hideCurrentInputLocked:1880 com.android.server.InputMethodManagerService.windowGainedFocus:1968 com.android.internal.view.IInputMethodManager$Stub.onTransact:221 com.android.server.InputMethodManagerService.onTransact:818 
D/        (  167): HostConnection::get() New Host Connection established 0xb7ca7c10, tid 1171
I/ActivityManager(  264): START u0 {act=android.intent.action.MAIN cmp=com.android.settings/.SubSettings (has extras)} from pid 445
D/SubSettings(  445): Launching fragment com.android.settings.SoundSettings
D/dalvikvm(  445): GC_CONCURRENT freed 316K, 8% free 4608K/4984K, paused 1ms+1ms, total 8ms
W/EGL_emulation(  445): eglSurfaceAttrib not implemented 3093 12436
I/ActivityManager(  264): Displayed com.android.settings/.SubSettings: +115ms
W/ContextImpl(  264): Calling a method in the system process without a qualified user: android.app.ContextImpl.sendBroadcast:1123 com.android.server.InputMethodManagerService.hideCurrentInputLocked:1880 com.android.server.InputMethodManagerService.windowGainedFocus:1968 com.android.internal.view.IInputMethodManager$Stub.onTransact:221 com.android.server.InputMethodManagerService.onTransact:818 
D/BluetoothAdapter(  445): 1249513032: getState() :  mService = null. Returning STATE_OFF
W/EGL_emulation(  445): eglSurfaceAttrib not implemented 3093 12436
W/ContextImpl(  264): Calling a method in the system process without a qualified user: android.app.ContextImpl.sendBroadcast:1123 com.android.server.InputMethodManagerService.hideCurrentInputLocked:1880 com.android.server.InputMethodManagerService.windowGainedFocus:1968 com.android.internal.view.IInputMethodManager$Stub.onTransact:221 com.android.server.InputMethodManagerService.onTransact:818 
I/ActivityManager(  264): START u0 {act=android.intent.action.MAIN cat=[android.intent.category.HOME] flg=0x10200000 cmp=com.vphone.launcher/.Launcher} from pid 264
W/EGL_emulation(  468): eglSurfaceAttrib not implemented 3093 12436
W/ContextImpl(  264): Calling a method in the system process without a qualified user: android.app.ContextImpl.sendBroadcast:1123 com.android.server.InputMethodManagerService.hideCurrentInputLocked:1880 com.android.server.InputMethodManagerService.windowGainedFocus:1968 com.android.internal.view.IInputMethodManager$Stub.onTransact:221 com.android.server.InputMethodManagerService.onTransact:818 
W/InputMethodManagerService(  264): Starting input on non-focused client com.android.internal.view.IInputMethodClient$Stub$Proxy@4a8af74c (uid=1000 pid=445)
D/AndroidRuntime( 1183): 
D/AndroidRuntime( 1183): >>>>>> AndroidRuntime START com.android.internal.os.RuntimeInit <<<<<<
D/AndroidRuntime( 1183): CheckJNI is OFF
D/dalvikvm( 1183): Using executionMode 2
D/dalvikvm( 1183): Trying to load lib libjavacore.so 0x0
D/dalvikvm( 1183): Added shared lib libjavacore.so 0x0
D/dalvikvm( 1183): Trying to load lib libnativehelper.so 0x0
D/dalvikvm( 1183): Added shared lib libnativehelper.so 0x0
D/dalvikvm( 1183): No JNI_OnLoad found in libnativehelper.so 0x0, skipping init
D/dalvikvm( 1183): Note: class Landroid/app/ActivityManagerNative; has 179 unimplemented (abstract) methods
E/memtrack( 1183): Couldn't load memtrack module (No such file or directory)
E/android.os.Debug( 1183): failed to load memtrack module: -2
D/AndroidRuntime( 1183): Calling main entry com.android.commands.pm.Pm
D/AndroidRuntime( 1183): Shutting down VM
E/cutils-trace( 1183): Error opening trace file: No such file or directory (2)
D/dalvikvm( 1183): GC_CONCURRENT freed 147K, 21% free 567K/716K, paused 0ms+0ms, total 1ms
D/dalvikvm(  264): GC_CONCURRENT freed 717K, 12% free 6172K/6956K, paused 0ms+1ms, total 9ms
D/dalvikvm(  264): WAIT_FOR_CONCURRENT_GC blocked 6ms
I/ActivityManager(  264): START u0 {act=com.android.systemui.recent.action.TOGGLE_RECENTS flg=0x10800000 cmp=com.android.systemui/.recent.RecentsActivity} from pid 354
W/DebugConnManager(  468): getNetworkInfo() on networkType 1
W/EGL_emulation(  354): eglSurfaceAttrib not implemented 3093 12436
W/ContextImpl(  264): Calling a method in the system process without a qualified user: android.app.ContextImpl.sendBroadcast:1123 com.android.server.InputMethodManagerService.hideCurrentInputLocked:1880 com.android.server.InputMethodManagerService.windowGainedFocus:1968 com.android.internal.view.IInputMethodManager$Stub.onTransact:221 com.android.server.InputMethodManagerService.onTransact:818 
I/ActivityManager(  264): Displayed com.android.systemui/.recent.RecentsActivity: +174ms
D/AndroidRuntime( 1205): 
D/AndroidRuntime( 1205): >>>>>> AndroidRuntime START com.android.internal.os.RuntimeInit <<<<<<
D/AndroidRuntime( 1205): CheckJNI is OFF
D/dalvikvm( 1205): Using executionMode 2
D/dalvikvm( 1205): Trying to load lib libjavacore.so 0x0
D/dalvikvm( 1205): Added shared lib libjavacore.so 0x0
D/dalvikvm( 1205): Trying to load lib libnativehelper.so 0x0
D/dalvikvm( 1205): Added shared lib libnativehelper.so 0x0
D/dalvikvm( 1205): No JNI_OnLoad found in libnativehelper.so 0x0, skipping init
D/dalvikvm( 1205): Note: class Landroid/app/ActivityManagerNative; has 179 unimplemented (abstract) methods
E/memtrack( 1205): Couldn't load memtrack module (No such file or directory)
E/android.os.Debug( 1205): failed to load memtrack module: -2
D/AndroidRuntime( 1205): Calling main entry com.android.commands.pm.Pm
D/AndroidRuntime( 1205): Shutting down VM
E/cutils-trace( 1205): Error opening trace file: No such file or directory (2)
D/dalvikvm( 1205): GC_CONCURRENT freed 147K, 21% free 567K/716K, paused 0ms+0ms, total 1ms
D/dalvikvm(  264): GC_FOR_ALLOC freed 409K, 9% free 6377K/6956K, paused 14ms, total 14ms
D/dalvikvm(  264): GC_FOR_ALLOC freed 223K, 12% free 6364K/7168K, paused 10ms, total 10ms
