--------- beginning of /dev/log/main
D/DHCP    (   83): ===== DHCP message:
D/DHCP    (   83): op = BOOTREQUEST (1), htype = 1, hlen = 6, hops = 0
D/DHCP    (   83): xid = 0x84050000 secs = 0, flags = 0x8000 optlen = 14
D/DHCP    (   83): ciaddr = 0.0.0.0
D/DHCP    (   83): yiaddr = 0.0.0.0
D/DHCP    (   83): siaddr = 0.0.0.0
D/DHCP    (   83): giaddr = 0.0.0.0
D/DHCP    (   83): chaddr = { 08  00  27  b3  f1  9b }
D/DHCP    (   83): sname = ''
D/DHCP    (   83): file = ''
D/DHCP    (   83): op 53 len 1 { 01 } discover
D/DHCP    (   83): op 55 len 4 { 01  03  06  1c } 
D/DHCP    (   83): ===== DHCP message:
D/DHCP    (   83): op = BOOTREPLY (2), htype = 1, hlen = 6, hops = 0
D/DHCP    (   83): xid = 0x84050000 secs = 0, flags = 0x8000 optlen = 312
D/DHCP    (   83): ciaddr = 0.0.0.0
D/DHCP    (   83): yiaddr = 172.17.99.15
D/DHCP    (   83): siaddr = 172.17.99.4
D/DHCP    (   83): giaddr = 0.0.0.0
D/DHCP    (   83): chaddr = { 08  00  27  b3  f1  9b }
D/DHCP    (   83): sname = ''
D/DHCP    (   83): file = 'nox.pxe'
D/DHCP    (   83): op 53 len 1 { 02 } offer
D/DHCP    (   83): op 1 len 4 { ff  ff  ff  00 } 
D/DHCP    (   83): op 3 len 4 { ac  11  63  02 } 
D/DHCP    (   83): op 6 len 8 { c0  a8  1f  01  c0  a8  1f  01 } 
D/DHCP    (   83): op 51 len 4 { 00  01  51  80 } 
D/DHCP    (   83): op 54 len 4 { ac  11  63  02 } 
D/DHCP    (   83): --- dhcp offer (2) ---
D/DHCP    (   83): ip 172.17.99.15 gw 172.17.99.2 prefixLength 24
D/DHCP    (   83): dns1: 192.168.31.1
D/DHCP    (   83): dns2: 192.168.31.1
D/DHCP    (   83): server 172.17.99.2, lease 86400 seconds
D/DHCP    (   83): ===== DHCP message:
D/DHCP    (   83): op = BOOTREQUEST (1), htype = 1, hlen = 6, hops = 0
D/DHCP    (   83): xid = 0x85050000 secs = 0, flags = 0x8000 optlen = 26
D/DHCP    (   83): ciaddr = 0.0.0.0
D/DHCP    (   83): yiaddr = 0.0.0.0
D/DHCP    (   83): siaddr = 0.0.0.0
D/DHCP    (   83): giaddr = 0.0.0.0
D/DHCP    (   83): chaddr = { 08  00  27  b3  f1  9b }
D/DHCP    (   83): sname = ''
D/DHCP    (   83): file = ''
D/DHCP    (   83): op 53 len 1 { 03 } request
D/DHCP    (   83): op 55 len 4 { 01  03  06  1c } 
D/DHCP    (   83): op 50 len 4 { ac  11  63  0f } 
D/DHCP    (   83): op 54 len 4 { ac  11  63  02 } 
D/DHCP    (   83): ===== DHCP message:
D/DHCP    (   83): op = BOOTREPLY (2), htype = 1, hlen = 6, hops = 0
D/DHCP    (   83): xid = 0x85050000 secs = 0, flags = 0x8000 optlen = 312
D/DHCP    (   83): ciaddr = 172.17.99.15
D/DHCP    (   83): yiaddr = 172.17.99.15
D/DHCP    (   83): siaddr = 172.17.99.4
D/DHCP    (   83): giaddr = 0.0.0.0
D/DHCP    (   83): chaddr = { 08  00  27  b3  f1  9b }
D/DHCP    (   83): sname = ''
D/DHCP    (   83): file = 'nox.pxe'
D/DHCP    (   83): op 53 len 1 { 05 } ack
D/DHCP    (   83): op 1 len 4 { ff  ff  ff  00 } 
D/DHCP    (   83): op 3 len 4 { ac  11  63  02 } 
D/DHCP    (   83): op 6 len 8 { c0  a8  1f  01  c0  a8  1f  01 } 
D/DHCP    (   83): op 51 len 4 { 00  01  51  80 } 
D/DHCP    (   83): op 54 len 4 { ac  11  63  02 } 
D/DHCP    (   83): --- dhcp ack (5) ---
D/DHCP    (   83): ip 172.17.99.15 gw 172.17.99.2 prefixLength 24
D/DHCP    (   83): dns1: 192.168.31.1
D/DHCP    (   83): dns2: 192.168.31.1
D/DHCP    (   83): server 172.17.99.2, lease 86400 seconds
D/DHCP    (   83): configuring wlan0
D/NetUtils(   83): Don't create null default route on wlan0
--------- beginning of /dev/log/system
I/NOX     (   71): Starting NOX
E/vinput-seamless(  149): found PS2 device
E/vinput-seamless(  149): found seamless mouse device
D/        (  147): vbox_graph_mode=720x1280
D/dalvikvm(  101): Using executionMode 3
D/dalvikvm(  101): Trying to load lib libjavacore.so 0x0
D/dalvikvm(  101): Added shared lib libjavacore.so 0x0
D/dalvikvm(  101): Trying to load lib libnativehelper.so 0x0
D/dalvikvm(  101): Added shared lib libnativehelper.so 0x0
D/dalvikvm(  101): No JNI_OnLoad found in libnativehelper.so 0x0, skipping init
I/installd(  171): installd firing up
I/DEBUG   (  164): debuggerd: Sep  7 2017 16:04:41
I/mediaserver(  170): ServiceManager: 0xb7db7d40
I/AudioFlinger(  170): Using default 3000 mSec as standby time.
I/CameraService(  170): CameraService started (pid=170)
I/Vold    (  160): Vold 2.1 (the revenge) firing up
I/SurfaceFlinger(  167): SurfaceFlinger is starting
I/SurfaceFlinger(  167): SurfaceFlinger's main thread ready to run. Initializing graphics H/W...
I/Netd    (  163): Netd 1.0 starting
W/InterfaceController(  163): Warning (dlopen failed: library "/system/lib/libnetcmdiface.so" not found) while opening the net interface command library
D/libEGL  (  167): loaded /system/lib/egl/libEGL_adreno.so
E/cutils-trace(  101): Error opening trace file: No such file or directory (2)
D/        (  167): HostConnection::get() New Host Connection established 0xb7c8ecb0, tid 167
D/libEGL  (  167): loaded /system/lib/egl/libGLESv1_CM_adreno.so
D/libEGL  (  167): loaded /system/lib/egl/libGLESv2_adreno.so
V/NatController(  163): runCmd(/system/bin/iptables -F natctrl_FORWARD) res=1
E/SurfaceFlinger(  167): hwcomposer module not found
W/SurfaceFlinger(  167): getting VSYNC period from fb HAL: 16666666
W/SurfaceFlinger(  167): no suitable EGLConfig found, trying a simpler query
I/SurfaceFlinger(  167): EGL informations:
I/SurfaceFlinger(  167): vendor    : Android
I/SurfaceFlinger(  167): version   : 1.4 Android META-EGL
I/SurfaceFlinger(  167): extensions: EGL_KHR_get_all_proc_addresses EGL_ANDROID_presentation_time EGL_KHR_image_base 
I/SurfaceFlinger(  167): Client API: OpenGL_ES
I/SurfaceFlinger(  167): EGLSurface: 8-8-8-8, config=0x8
I/SurfaceFlinger(  167): OpenGL ES informations:
I/SurfaceFlinger(  167): vendor    : ARM
I/SurfaceFlinger(  167): renderer  : Mali-450 MP
I/SurfaceFlinger(  167): version   : OpenGL ES 2.0
I/SurfaceFlinger(  167): extensions: GL_EXT_debug_marker GL_OES_EGL_image GL_OES_depth24 GL_OES_depth32 GL_OES_element_index_uint GL_OES_texture_float GL_OES_texture_float_linear GL_EXT_texture_format_BGRA8888 GL_OES_compressed_paletted_texture GL_OES_compressed_ETC1_RGB8_texture GL_OES_depth_texture GL_OES_texture_half_float GL_OES_texture_half_float_linear GL_OES_packed_depth_stencil GL_OES_vertex_half_float GL_OES_EGL_image_external GL_IMG_texture_compression_pvrtc
I/SurfaceFlinger(  167): GL_MAX_TEXTURE_SIZE = 16384
I/SurfaceFlinger(  167): GL_MAX_VIEWPORT_DIMS = 16384
E/cutils-trace(  167): Error opening trace file: No such file or directory (2)
D/SurfaceFlinger(  167): setOrientation, mFbdev=0xb7c91050, mFbDev->setOrientation=0xb69bbce0, orientation=0
I/gralloc_nox(  167): setOrientation: orientation=0
D/SurfaceFlinger(  167): Screen acquired, type=0 flinger=0xb7c8d820
D/libEGL  (  199): loaded /system/lib/egl/libEGL_adreno.so
D/        (  199): HostConnection::get() New Host Connection established 0xb8039820, tid 207
D/libEGL  (  199): loaded /system/lib/egl/libGLESv1_CM_adreno.so
D/libEGL  (  199): loaded /system/lib/egl/libGLESv2_adreno.so
E/cutils-trace(  199): Error opening trace file: No such file or directory (2)
D/        (  167): HostConnection::get() New Host Connection established 0xb7c999a0, tid 178
D/AndroidRuntime(  168): 
D/AndroidRuntime(  168): >>>>>> AndroidRuntime START com.android.internal.os.ZygoteInit <<<<<<
W/EmulatedCamera_Factory(  170):  camera socket connect is not connected, wait(1)...
D/EmulatedCamera_Factory(  170): threadLoop()...
D/EmulatedCamera_Factory(  170): Waiting for player
D/        (  167): HostConnection::get() New Host Connection established 0xb7c96b60, tid 176
D/dalvikvm(  101): GC_FOR_ALLOC freed 879K, 44% free 1149K/2032K, paused 2ms, total 4ms
D/dalvikvm(  101): GC_CONCURRENT freed 416K, 21% free 1755K/2212K, paused 1ms+0ms, total 3ms
D/AndroidRuntime(  168): CheckJNI is OFF
D/dalvikvm(  168): Using executionMode 2
D/dalvikvm(  101): GC_FOR_ALLOC freed 766K, 30% free 2266K/3228K, paused 2ms, total 2ms
D/dalvikvm(  168): Trying to load lib libjavacore.so 0x0
D/dalvikvm(  168): Added shared lib libjavacore.so 0x0
D/dalvikvm(  168): Trying to load lib libnativehelper.so 0x0
D/dalvikvm(  168): Added shared lib libnativehelper.so 0x0
D/dalvikvm(  168): No JNI_OnLoad found in libnativehelper.so 0x0, skipping init
D/dalvikvm(  101): GC_FOR_ALLOC freed 1009K, 35% free 2693K/4124K, paused 11ms, total 11ms
D/dalvikvm(  101): GC_FOR_ALLOC freed 1005K, 34% free 3084K/4636K, paused 2ms, total 2ms
D/dalvikvm(  168): Note: class Landroid/app/ActivityManagerNative; has 179 unimplemented (abstract) methods
I/iptables(  163): iptables: No chain/target/match by that name.
I/iptables(  163): iptables terminated by exit(1)
E/BandwidthController(  163): runIptablesCmd(): res=1 status=256 failed /system/bin/iptables -A bw_INPUT -m owner --socket-exists
I/ip6tables(  163): ip6tables: No chain/target/match by that name.
D/dalvikvm(  101): GC_CONCURRENT freed 949K, 20% free 4058K/5012K, paused 2ms+1ms, total 6ms
I/ip6tables(  163): ip6tables terminated by exit(1)
E/BandwidthController(  163): runIptablesCmd(): res=1 status=256 failed /system/bin/ip6tables -A bw_INPUT -m owner --socket-exists
I/iptables(  163): iptables: No chain/target/match by that name.
I/iptables(  163): iptables terminated by exit(1)
E/Netd    (  163): exec() res=0, status=256 for /system/bin/iptables -t mangle -F st_mangle_OUTPUT 
E/memtrack(  168): Couldn't load memtrack module (No such file or directory)
E/android.os.Debug(  168): failed to load memtrack module: -2
I/ip6tables(  163): ip6tables: No chain/target/match by that name.
I/ip6tables(  163): ip6tables terminated by exit(1)
E/Netd    (  163): exec() res=0, status=256 for /system/bin/ip6tables -t mangle -F st_mangle_OUTPUT 
I/iptables(  163): iptables: No chain/target/match by that name.
I/SamplingProfilerIntegration(  168): Profiling disabled.
I/iptables(  163): iptables terminated by exit(1)
E/Netd    (  163): exec() res=0, status=256 for /system/bin/iptables -t mangle -F st_mangle_EXEMPT 
I/ip6tables(  163): ip6tables: No chain/target/match by that name.
I/ip6tables(  163): ip6tables terminated by exit(1)
E/Netd    (  163): exec() res=0, status=256 for /system/bin/ip6tables -t mangle -F st_mangle_EXEMPT 
I/iptables(  163): iptables terminated by exit(1)
E/Netd    (  163): exec() res=0, status=256 for /system/bin/iptables -t mangle -A st_mangle_OUTPUT -m mark --mark 1 -j RETURN 
I/ip6tables(  163): ip6tables: No chain/target/match by that name.
D/dalvikvm(  101): GC_CONCURRENT freed 828K, 14% free 5151K/5984K, paused 1ms+0ms, total 5ms
I/iptables(  163): iptables: No chain/target/match by that name.
I/ip6tables(  163): ip6tables terminated by exit(1)
E/Netd    (  163): exec() res=0, status=256 for /system/bin/ip6tables -t mangle -A st_mangle_OUTPUT -m mark --mark 1 -j RETURN 
I/iptables(  163): iptables: No chain/target/match by that name.
I/iptables(  163): iptables terminated by exit(1)
E/Netd    (  163): exec() res=0, status=256 for /system/bin/iptables -t mangle -A st_mangle_OUTPUT -m owner --uid-owner vpn -j RETURN 
I/ip6tables(  163): ip6tables: No chain/target/match by that name.
I/ip6tables(  163): ip6tables terminated by exit(1)
E/Netd    (  163): exec() res=0, status=256 for /system/bin/ip6tables -t mangle -A st_mangle_OUTPUT -m owner --uid-owner vpn -j RETURN 
D/MDnsDS  (  163): MDnsSdListener::Hander starting up
D/MDnsDS  (  163): MDnsSdListener starting to monitor
D/MDnsDS  (  163): Going to poll with pollCount 1
I/Zygote  (  168): Preloading classes...
E/cutils-trace(  168): Error opening trace file: No such file or directory (2)
D/dalvikvm(  168): GC_EXPLICIT freed 612K, 36% free 1100K/1716K, paused 0ms+0ms, total 1ms
D/dalvikvm(  168): GC_FOR_ALLOC freed 6K, 35% free 1116K/1716K, paused 2ms, total 2ms
D/dalvikvm(  168): GC_FOR_ALLOC freed <1K, 35% free 1155K/1756K, paused 5ms, total 5ms
D/dalvikvm(  168): GC_EXPLICIT freed <1K, 34% free 1165K/1756K, paused 0ms+1ms, total 2ms
D/dalvikvm(  101): GC_CONCURRENT freed 1141K, 16% free 6057K/7200K, paused 0ms+1ms, total 9ms
D/dalvikvm(  101): WAIT_FOR_CONCURRENT_GC blocked 6ms
D/dalvikvm(  168): GC_EXPLICIT freed 15K, 32% free 1209K/1756K, paused 0ms+1ms, total 2ms
D/dalvikvm(  168): GC_EXPLICIT freed 20K, 28% free 1273K/1756K, paused 0ms+0ms, total 2ms
D/dalvikvm(  101): GC_FOR_ALLOC freed 2034K, 27% free 5888K/8056K, paused 7ms, total 7ms
D/dalvikvm(  168): GC_EXPLICIT freed 28K, 26% free 1309K/1756K, paused 0ms+0ms, total 1ms
D/dalvikvm(  168): GC_EXPLICIT freed 33K, 25% free 1330K/1756K, paused 0ms+0ms, total 3ms
D/dalvikvm(  168): GC_EXPLICIT freed 22K, 22% free 1370K/1756K, paused 0ms+0ms, total 6ms
D/dalvikvm(  101): GC_CONCURRENT freed 5783K, 80% free 1622K/8056K, paused 0ms+3ms, total 8ms
D/dalvikvm(  168): GC_EXPLICIT freed 30K, 21% free 1400K/1756K, paused 1ms+1ms, total 2ms
D/TextLayoutCache(  168): Using debug level = 0 - Debug Enabled = 0
I/dalvikvm(  168): threadid=1: recursive native library load attempt (/system/lib/libmedia_jni.so)
D/MtpDeviceJNI(  168): register_android_mtp_MtpDevice
I/dalvikvm(  168): threadid=1: recursive native library load attempt (/system/lib/libmedia_jni.so)
I/dalvikvm(  168): threadid=1: recursive native library load attempt (/system/lib/libmedia_jni.so)
I/dalvikvm(  168): threadid=1: recursive native library load attempt (/system/lib/libmedia_jni.so)
D/dalvikvm(  168): GC_EXPLICIT freed 9K, 18% free 1444K/1756K, paused 0ms+0ms, total 1ms
D/dalvikvm(  168): GC_EXPLICIT freed 24K, 16% free 1482K/1756K, paused 0ms+0ms, total 1ms
D/dalvikvm(  168): GC_EXPLICIT freed 15K, 14% free 1522K/1756K, paused 0ms+0ms, total 1ms
D/dalvikvm(  168): GC_EXPLICIT freed 29K, 12% free 1549K/1756K, paused 0ms+0ms, total 1ms
D/dalvikvm(  168): GC_EXPLICIT freed 12K, 9% free 1599K/1756K, paused 0ms+0ms, total 2ms
E/EmojiFactory_jni(  168): Failed to load libemoji.so: dlopen failed: library "libemoji.so" not found
D/dalvikvm(  168): GC_EXPLICIT freed 37K, 3% free 1918K/1960K, paused 0ms+0ms, total 3ms
D/dalvikvm(  168): GC_EXPLICIT freed 34K, 2% free 1942K/1980K, paused 0ms+1ms, total 2ms
D/dalvikvm(  168): GC_EXPLICIT freed 29K, 2% free 1967K/2000K, paused 0ms+0ms, total 2ms
D/dalvikvm(  168): GC_EXPLICIT freed 37K, 2% free 1984K/2024K, paused 0ms+0ms, total 2ms
I/LibraryLoader(  168): loading: webviewchromium
I/LibraryLoader(  168): loaded: webviewchromium
D/dalvikvm(  168): GC_EXPLICIT freed 14K, 2% free 2026K/2048K, paused 0ms+1ms, total 2ms
D/dalvikvm(  168): GC_EXPLICIT freed 24K, 2% free 2055K/2084K, paused 0ms+0ms, total 2ms
D/dalvikvm(  168): GC_EXPLICIT freed 30K, 2% free 2085K/2116K, paused 0ms+1ms, total 2ms
D/dalvikvm(  168): GC_EXPLICIT freed 35K, 2% free 2104K/2144K, paused 0ms+0ms, total 2ms
D/dalvikvm(  168): GC_EXPLICIT freed 31K, 2% free 2133K/2168K, paused 0ms+1ms, total 3ms
D/dalvikvm(  168): GC_EXPLICIT freed 33K, 2% free 2154K/2192K, paused 0ms+0ms, total 2ms
D/dalvikvm(  168): GC_EXPLICIT freed 35K, 2% free 2172K/2212K, paused 0ms+0ms, total 2ms
D/dalvikvm(  168): GC_EXPLICIT freed 32K, 2% free 2214K/2248K, paused 1ms+0ms, total 2ms
W/Zygote  (  168): Class not found for preloading: java.lang.UnsafeByteSequence
D/dalvikvm(  168): GC_EXPLICIT freed 37K, 2% free 2233K/2272K, paused 1ms+0ms, total 2ms
D/dalvikvm(  168): GC_EXPLICIT freed 43K, 2% free 2246K/2292K, paused 0ms+0ms, total 2ms
D/dalvikvm(  168): GC_EXPLICIT freed 41K, 2% free 2260K/2304K, paused 0ms+0ms, total 5ms
I/System  (  168): Loaded time zone names for "" in 18ms (17ms in ICU)
I/System  (  168): Loaded time zone names for "en_US" in 9ms (8ms in ICU)
I/System  (  168): Loaded time zone names for "zh_CN" in 10ms (10ms in ICU)
D/dalvikvm(  168): GC_EXPLICIT freed 270K, 10% free 2474K/2748K, paused 0ms+0ms, total 3ms
D/dalvikvm(  168): GC_EXPLICIT freed 14K, 8% free 2534K/2748K, paused 0ms+0ms, total 2ms
D/dalvikvm(  168): GC_EXPLICIT freed 42K, 8% free 2546K/2748K, paused 0ms+0ms, total 2ms
D/dalvikvm(  168): GC_EXPLICIT freed 33K, 7% free 2568K/2748K, paused 0ms+0ms, total 2ms
W/EmulatedCamera_Factory(  170):  camera socket connect is not connected, wait(2)...
D/dalvikvm(  168): GC_EXPLICIT freed 36K, 6% free 2585K/2748K, paused 1ms+1ms, total 3ms
I/Zygote  (  168): ...preloaded 2777 classes in 492ms.
D/dalvikvm(  168): GC_EXPLICIT freed 25K, 6% free 2601K/2748K, paused 0ms+0ms, total 2ms
I/Zygote  (  168): Preloading resources...
W/Resources(  168): Preloaded drawable resource #0x1080096 (android:drawable/toast_frame) that varies with configuration!!
W/Resources(  168): Preloaded drawable resource #0x1080105 (android:drawable/btn_check_on_pressed_holo_light) that varies with configuration!!
W/Resources(  168): Preloaded drawable resource #0x1080104 (android:drawable/btn_check_on_pressed_holo_dark) that varies with configuration!!
D/dalvikvm(  168): GC_EXPLICIT freed 22K, 5% free 2630K/2748K, paused 0ms+0ms, total 2ms
W/Resources(  168): Preloaded drawable resource #0x1080102 (android:drawable/btn_check_on_holo_light) that varies with configuration!!
W/Resources(  168): Preloaded drawable resource #0x1080101 (android:drawable/btn_check_on_holo_dark) that varies with configuration!!
W/Resources(  168): Preloaded drawable resource #0x10800ff (android:drawable/btn_check_on_focused_holo_light) that varies with configuration!!
W/Resources(  168): Preloaded drawable resource #0x10800fe (android:drawable/btn_check_on_focused_holo_dark) that varies with configuration!!
W/Resources(  168): Preloaded drawable resource #0x10800fd (android:drawable/btn_check_on_disabled_holo_light) that varies with configuration!!
D/dalvikvm(  168): GC_EXPLICIT freed 72K, 5% free 2611K/2748K, paused 1ms+0ms, total 3ms
W/Resources(  168): Preloaded drawable resource #0x10800fc (android:drawable/btn_check_on_disabled_holo_dark) that varies with configuration!!
W/Resources(  168): Preloaded drawable resource #0x10800fb (android:drawable/btn_check_on_disabled_focused_holo_light) that varies with configuration!!
W/Resources(  168): Preloaded drawable resource #0x10800fa (android:drawable/btn_check_on_disabled_focused_holo_dark) that varies with configuration!!
W/Resources(  168): Preloaded drawable resource #0x10800f2 (android:drawable/btn_check_off_pressed_holo_light) that varies with configuration!!
W/Resources(  168): Preloaded drawable resource #0x10800f1 (android:drawable/btn_check_off_pressed_holo_dark) that varies with configuration!!
D/dalvikvm(  168): GC_EXPLICIT freed 53K, 5% free 2612K/2748K, paused 0ms+0ms, total 2ms
E/RemotePrintSpooler(  264): Error removing obsolete print jobs .
E/RemotePrintSpooler(  264): java.util.concurrent.TimeoutException: Cannot get spooler!
E/RemotePrintSpooler(  264): 	at com.android.server.print.RemotePrintSpooler.bindLocked(RemotePrintSpooler.java:376)
E/RemotePrintSpooler(  264): 	at com.android.server.print.RemotePrintSpooler.getRemoteInstanceLazy(RemotePrintSpooler.java:352)
E/RemotePrintSpooler(  264): 	at com.android.server.print.RemotePrintSpooler.removeObsoletePrintJobs(RemotePrintSpooler.java:287)
E/RemotePrintSpooler(  264): 	at com.android.server.print.UserState.removeObsoletePrintJobs(UserState.java:163)
E/RemotePrintSpooler(  264): 	at com.android.server.print.PrintManagerService$1.run(PrintManagerService.java:94)
E/RemotePrintSpooler(  264): 	at android.os.Handler.handleCallback(Handler.java:733)
E/RemotePrintSpooler(  264): 	at android.os.Handler.dispatchMessage(Handler.java:95)
E/RemotePrintSpooler(  264): 	at android.os.Looper.loop(Looper.java:136)
E/RemotePrintSpooler(  264): 	at android.os.HandlerThread.run(HandlerThread.java:61)
W/Resources(  168): Preloaded drawable resource #0x10800ed (android:drawable/btn_check_off_holo_light) that varies with configuration!!
E/local_gps(  162): Can't send RMC command
W/Resources(  168): Preloaded drawable resource #0x10800ec (android:drawable/btn_check_off_holo_dark) that varies with configuration!!
D/ConnectivityService(  264): setProvNotificationVisible: E visible=false networkType=1 extraInfo=null url=null
W/Resources(  168): Preloaded drawable resource #0x10800ea (android:drawable/btn_check_off_focused_holo_light) that varies with configuration!!
W/ActivityThread(  264): ClassLoader.loadClass: The class loader returned by Thread.getContextClassLoader() may fail for processes that host multiple applications. You should explicitly specify a context class loader. For example: Thread.setContextClassLoader(getClass().getClassLoader());
W/Resources(  168): Preloaded drawable resource #0x10800e9 (android:drawable/btn_check_off_focused_holo_dark) that varies with configuration!!
I/ActivityManager(  264): Waited long enough for: ServiceRecord{4a8ff6a8 u0 com.bignox.app.store.hd/.services.StoreService}
W/Resources(  168): Preloaded drawable resource #0x10800e8 (android:drawable/btn_check_off_disabled_holo_light) that varies with configuration!!
D/ConnectivityService(  264): captivePortalCheckCompleted: ni=NetworkInfo: type: WIFI[], state: CONNECTED/CONNECTED, reason: (unspecified), extra: "AndroidAP", roaming: false, failover: false, isAvailable: true, isConnectedToProvisioningNetwork: false captive=false
D/dalvikvm(  168): GC_EXPLICIT freed 53K, 5% free 2613K/2748K, paused 0ms+0ms, total 2ms
E/NOX     (   71): recv() error
W/Resources(  168): Preloaded drawable resource #0x10800e7 (android:drawable/btn_check_off_disabled_holo_dark) that varies with configuration!!
D/NOX     (   71): Socket read error
W/Resources(  168): Preloaded drawable resource #0x10800e6 (android:drawable/btn_check_off_disabled_focused_holo_light) that varies with configuration!!
D/ConnectivityService(  264): Sampling interval elapsed, updating statistics ..
W/Resources(  168): Preloaded drawable resource #0x10800e5 (android:drawable/btn_check_off_disabled_focused_holo_dark) that varies with configuration!!
D/ConnectivityService(  264): Done.
W/Resources(  168): Preloaded drawable resource #0x1080102 (android:drawable/btn_check_on_holo_light) that varies with configuration!!
D/ConnectivityService(  264): Setting timer for 720seconds
W/Resources(  168): Preloaded drawable resource #0x10800ed (android:drawable/btn_check_off_holo_light) that varies with configuration!!
W/Resources(  168): Preloaded drawable resource #0x1080105 (android:drawable/btn_check_on_pressed_holo_light) that varies with configuration!!
W/Resources(  168): Preloaded drawable resource #0x10800f2 (android:drawable/btn_check_off_pressed_holo_light) that varies with configuration!!
W/Resources(  168): Preloaded drawable resource #0x10800ff (android:drawable/btn_check_on_focused_holo_light) that varies with configuration!!
W/Resources(  168): Preloaded drawable resource #0x10800ea (android:drawable/btn_check_off_focused_holo_light) that varies with configuration!!
W/Resources(  168): Preloaded drawable resource #0x10800ed (android:drawable/btn_check_off_holo_light) that varies with configuration!!
W/Resources(  168): Preloaded drawable resource #0x1080102 (android:drawable/btn_check_on_holo_light) that varies with configuration!!
W/Resources(  168): Preloaded drawable resource #0x10800fd (android:drawable/btn_check_on_disabled_holo_light) that varies with configuration!!
W/Resources(  168): Preloaded drawable resource #0x10800e8 (android:drawable/btn_check_off_disabled_holo_light) that varies with configuration!!
W/Resources(  168): Preloaded drawable resource #0x10800fb (android:drawable/btn_check_on_disabled_focused_holo_light) that varies with configuration!!
W/Resources(  168): Preloaded drawable resource #0x10800e6 (android:drawable/btn_check_off_disabled_focused_holo_light) that varies with configuration!!
W/Resources(  168): Preloaded drawable resource #0x10800e8 (android:drawable/btn_check_off_disabled_holo_light) that varies with configuration!!
W/Resources(  168): Preloaded drawable resource #0x10800fd (android:drawable/btn_check_on_disabled_holo_light) that varies with configuration!!
W/Resources(  168): Preloaded drawable resource #0x10800dc (android:drawable/btn_check_holo_light) that varies with configuration!!
D/dalvikvm(  168): GC_EXPLICIT freed 180K, 8% free 2618K/2832K, paused 0ms+0ms, total 2ms
W/Resources(  168): Preloaded drawable resource #0x1080101 (android:drawable/btn_check_on_holo_dark) that varies with configuration!!
W/Resources(  168): Preloaded drawable resource #0x10800ec (android:drawable/btn_check_off_holo_dark) that varies with configuration!!
W/Resources(  168): Preloaded drawable resource #0x1080104 (android:drawable/btn_check_on_pressed_holo_dark) that varies with configuration!!
W/Resources(  168): Preloaded drawable resource #0x10800f1 (android:drawable/btn_check_off_pressed_holo_dark) that varies with configuration!!
W/Resources(  168): Preloaded drawable resource #0x10800fe (android:drawable/btn_check_on_focused_holo_dark) that varies with configuration!!
W/Resources(  168): Preloaded drawable resource #0x10800e9 (android:drawable/btn_check_off_focused_holo_dark) that varies with configuration!!
W/Resources(  168): Preloaded drawable resource #0x10800ec (android:drawable/btn_check_off_holo_dark) that varies with configuration!!
W/Resources(  168): Preloaded drawable resource #0x1080101 (android:drawable/btn_check_on_holo_dark) that varies with configuration!!
W/Resources(  168): Preloaded drawable resource #0x10800fc (android:drawable/btn_check_on_disabled_holo_dark) that varies with configuration!!
W/Resources(  168): Preloaded drawable resource #0x10800e7 (android:drawable/btn_check_off_disabled_holo_dark) that varies with configuration!!
W/Resources(  168): Preloaded drawable resource #0x10800fa (android:drawable/btn_check_on_disabled_focused_holo_dark) that varies with configuration!!
W/Resources(  168): Preloaded drawable resource #0x10800e5 (android:drawable/btn_check_off_disabled_focused_holo_dark) that varies with configuration!!
W/Resources(  168): Preloaded drawable resource #0x10800e7 (android:drawable/btn_check_off_disabled_holo_dark) that varies with configuration!!
W/Resources(  168): Preloaded drawable resource #0x10800fc (android:drawable/btn_check_on_disabled_holo_dark) that varies with configuration!!
W/Resources(  168): Preloaded drawable resource #0x10800db (android:drawable/btn_check_holo_dark) that varies with configuration!!
D/dalvikvm(  168): GC_EXPLICIT freed 152K, 8% free 2617K/2832K, paused 1ms+0ms, total 3ms
W/Resources(  168): Preloaded drawable resource #0x1080195 (android:drawable/btn_radio_on_pressed_holo_light) that varies with configuration!!
W/Resources(  168): Preloaded drawable resource #0x1080194 (android:drawable/btn_radio_on_pressed_holo_dark) that varies with configuration!!
W/Resources(  168): Preloaded drawable resource #0x1080192 (android:drawable/btn_radio_on_holo_light) that varies with configuration!!
W/Resources(  168): Preloaded drawable resource #0x1080191 (android:drawable/btn_radio_on_holo_dark) that varies with configuration!!
W/Resources(  168): Preloaded drawable resource #0x108018f (android:drawable/btn_radio_on_focused_holo_light) that varies with configuration!!
D/dalvikvm(  168): GC_EXPLICIT freed 55K, 8% free 2615K/2832K, paused 0ms+0ms, total 2ms
W/Resources(  168): Preloaded drawable resource #0x108018e (android:drawable/btn_radio_on_focused_holo_dark) that varies with configuration!!
W/Resources(  168): Preloaded drawable resource #0x108018d (android:drawable/btn_radio_on_disabled_holo_light) that varies with configuration!!
W/Resources(  168): Preloaded drawable resource #0x108018c (android:drawable/btn_radio_on_disabled_holo_dark) that varies with configuration!!
W/Resources(  168): Preloaded drawable resource #0x108018b (android:drawable/btn_radio_on_disabled_focused_holo_light) that varies with configuration!!
W/Resources(  168): Preloaded drawable resource #0x108018a (android:drawable/btn_radio_on_disabled_focused_holo_dark) that varies with configuration!!
D/dalvikvm(  168): GC_EXPLICIT freed 53K, 8% free 2617K/2832K, paused 0ms+0ms, total 2ms
W/Resources(  168): Preloaded drawable resource #0x1080187 (android:drawable/btn_radio_off_pressed_holo_light) that varies with configuration!!
W/Resources(  168): Preloaded drawable resource #0x1080186 (android:drawable/btn_radio_off_pressed_holo_dark) that varies with configuration!!
W/Resources(  168): Preloaded drawable resource #0x1080184 (android:drawable/btn_radio_off_holo_light) that varies with configuration!!
W/Resources(  168): Preloaded drawable resource #0x1080183 (android:drawable/btn_radio_off_holo_dark) that varies with configuration!!
W/Resources(  168): Preloaded drawable resource #0x1080181 (android:drawable/btn_radio_off_focused_holo_light) that varies with configuration!!
D/dalvikvm(  168): GC_EXPLICIT freed 53K, 8% free 2617K/2832K, paused 1ms+0ms, total 3ms
W/Resources(  168): Preloaded drawable resource #0x1080180 (android:drawable/btn_radio_off_focused_holo_dark) that varies with configuration!!
W/Resources(  168): Preloaded drawable resource #0x108017f (android:drawable/btn_radio_off_disabled_holo_light) that varies with configuration!!
W/Resources(  168): Preloaded drawable resource #0x108017e (android:drawable/btn_radio_off_disabled_holo_dark) that varies with configuration!!
W/Resources(  168): Preloaded drawable resource #0x108017d (android:drawable/btn_radio_off_disabled_focused_holo_light) that varies with configuration!!
W/Resources(  168): Preloaded drawable resource #0x108017c (android:drawable/btn_radio_off_disabled_focused_holo_dark) that varies with configuration!!
D/dalvikvm(  168): GC_EXPLICIT freed 53K, 8% free 2618K/2832K, paused 0ms+0ms, total 2ms
W/Resources(  168): Preloaded drawable resource #0x1080128 (android:drawable/btn_default_pressed_holo_light) that varies with configuration!!
W/Resources(  168): Preloaded drawable resource #0x1080127 (android:drawable/btn_default_pressed_holo_dark) that varies with configuration!!
W/Resources(  168): Preloaded drawable resource #0x1080124 (android:drawable/btn_default_normal_holo_light) that varies with configuration!!
W/Resources(  168): Preloaded drawable resource #0x1080123 (android:drawable/btn_default_normal_holo_dark) that varies with configuration!!
W/Resources(  168): Preloaded drawable resource #0x108011c (android:drawable/btn_default_focused_holo_light) that varies with configuration!!
W/Resources(  168): Preloaded drawable resource #0x108011b (android:drawable/btn_default_focused_holo_dark) that varies with configuration!!
D/dalvikvm(  168): GC_EXPLICIT freed 9K, 6% free 2664K/2832K, paused 0ms+0ms, total 2ms
W/Resources(  168): Preloaded drawable resource #0x1080119 (android:drawable/btn_default_disabled_holo_light) that varies with configuration!!
W/Resources(  168): Preloaded drawable resource #0x1080118 (android:drawable/btn_default_disabled_holo_dark) that varies with configuration!!
W/Resources(  168): Preloaded drawable resource #0x1080116 (android:drawable/btn_default_disabled_focused_holo_light) that varies with configuration!!
W/Resources(  168): Preloaded drawable resource #0x1080115 (android:drawable/btn_default_disabled_focused_holo_dark) that varies with configuration!!
W/Resources(  168): Preloaded drawable resource #0x1080123 (android:drawable/btn_default_normal_holo_dark) that varies with configuration!!
W/Resources(  168): Preloaded drawable resource #0x1080118 (android:drawable/btn_default_disabled_holo_dark) that varies with configuration!!
W/Resources(  168): Preloaded drawable resource #0x1080127 (android:drawable/btn_default_pressed_holo_dark) that varies with configuration!!
W/Resources(  168): Preloaded drawable resource #0x108011b (android:drawable/btn_default_focused_holo_dark) that varies with configuration!!
W/Resources(  168): Preloaded drawable resource #0x1080123 (android:drawable/btn_default_normal_holo_dark) that varies with configuration!!
W/Resources(  168): Preloaded drawable resource #0x1080115 (android:drawable/btn_default_disabled_focused_holo_dark) that varies with configuration!!
W/Resources(  168): Preloaded drawable resource #0x1080118 (android:drawable/btn_default_disabled_holo_dark) that varies with configuration!!
W/Resources(  168): Preloaded drawable resource #0x108011d (android:drawable/btn_default_holo_dark) that varies with configuration!!
D/dalvikvm(  168): GC_EXPLICIT freed 63K, 5% free 2704K/2832K, paused 0ms+0ms, total 2ms
W/Resources(  168): Preloaded drawable resource #0x1080124 (android:drawable/btn_default_normal_holo_light) that varies with configuration!!
W/Resources(  168): Preloaded drawable resource #0x1080119 (android:drawable/btn_default_disabled_holo_light) that varies with configuration!!
W/Resources(  168): Preloaded drawable resource #0x1080128 (android:drawable/btn_default_pressed_holo_light) that varies with configuration!!
W/Resources(  168): Preloaded drawable resource #0x108011c (android:drawable/btn_default_focused_holo_light) that varies with configuration!!
W/Resources(  168): Preloaded drawable resource #0x1080124 (android:drawable/btn_default_normal_holo_light) that varies with configuration!!
W/Resources(  168): Preloaded drawable resource #0x1080116 (android:drawable/btn_default_disabled_focused_holo_light) that varies with configuration!!
W/Resources(  168): Preloaded drawable resource #0x1080119 (android:drawable/btn_default_disabled_holo_light) that varies with configuration!!
W/Resources(  168): Preloaded drawable resource #0x108011e (android:drawable/btn_default_holo_light) that varies with configuration!!
D/dalvikvm(  168): GC_EXPLICIT freed 96K, 6% free 2674K/2832K, paused 0ms+0ms, total 2ms
W/Resources(  168): Preloaded drawable resource #0x10801d1 (android:drawable/btn_star_off_normal_holo_light) that varies with configuration!!
W/Resources(  168): Preloaded drawable resource #0x10801db (android:drawable/btn_star_on_normal_holo_light) that varies with configuration!!
W/Resources(  168): Preloaded drawable resource #0x10801d7 (android:drawable/btn_star_on_disabled_holo_light) that varies with configuration!!
W/Resources(  168): Preloaded drawable resource #0x10801cd (android:drawable/btn_star_off_disabled_holo_light) that varies with configuration!!
W/Resources(  168): Preloaded drawable resource #0x10801dd (android:drawable/btn_star_on_pressed_holo_light) that varies with configuration!!
D/dalvikvm(  168): GC_EXPLICIT freed 106K, 8% free 2621K/2832K, paused 0ms+0ms, total 2ms
W/Resources(  168): Preloaded drawable resource #0x10801d3 (android:drawable/btn_star_off_pressed_holo_light) that varies with configuration!!
W/Resources(  168): Preloaded drawable resource #0x10801d9 (android:drawable/btn_star_on_focused_holo_light) that varies with configuration!!
W/Resources(  168): Preloaded drawable resource #0x10801cf (android:drawable/btn_star_off_focused_holo_light) that varies with configuration!!
W/Resources(  168): Preloaded drawable resource #0x10801d5 (android:drawable/btn_star_on_disabled_focused_holo_light) that varies with configuration!!
W/Resources(  168): Preloaded drawable resource #0x10801cb (android:drawable/btn_star_off_disabled_focused_holo_light) that varies with configuration!!
D/dalvikvm(  168): GC_EXPLICIT freed 53K, 8% free 2623K/2832K, paused 0ms+0ms, total 2ms
W/Resources(  168): Preloaded drawable resource #0x10801d1 (android:drawable/btn_star_off_normal_holo_light) that varies with configuration!!
W/Resources(  168): Preloaded drawable resource #0x10801db (android:drawable/btn_star_on_normal_holo_light) that varies with configuration!!
W/Resources(  168): Preloaded drawable resource #0x10801d7 (android:drawable/btn_star_on_disabled_holo_light) that varies with configuration!!
W/Resources(  168): Preloaded drawable resource #0x10801cd (android:drawable/btn_star_off_disabled_holo_light) that varies with configuration!!
W/Resources(  168): Preloaded drawable resource #0x10801dd (android:drawable/btn_star_on_pressed_holo_light) that varies with configuration!!
W/Resources(  168): Preloaded drawable resource #0x10801d3 (android:drawable/btn_star_off_pressed_holo_light) that varies with configuration!!
W/Resources(  168): Preloaded drawable resource #0x10801d9 (android:drawable/btn_star_on_focused_holo_light) that varies with configuration!!
W/Resources(  168): Preloaded drawable resource #0x10801cf (android:drawable/btn_star_off_focused_holo_light) that varies with configuration!!
W/Resources(  168): Preloaded drawable resource #0x10801d5 (android:drawable/btn_star_on_disabled_focused_holo_light) that varies with configuration!!
W/Resources(  168): Preloaded drawable resource #0x10801d7 (android:drawable/btn_star_on_disabled_holo_light) that varies with configuration!!
W/Resources(  168): Preloaded drawable resource #0x10801cb (android:drawable/btn_star_off_disabled_focused_holo_light) that varies with configuration!!
W/Resources(  168): Preloaded drawable resource #0x10801cd (android:drawable/btn_star_off_disabled_holo_light) that varies with configuration!!
W/Resources(  168): Preloaded drawable resource #0x10801d1 (android:drawable/btn_star_off_normal_holo_light) that varies with configuration!!
W/Resources(  168): Preloaded drawable resource #0x10801db (android:drawable/btn_star_on_normal_holo_light) that varies with configuration!!
W/Resources(  168): Preloaded drawable resource #0x10801c8 (android:drawable/btn_star_holo_light) that varies with configuration!!
D/dalvikvm(  168): GC_EXPLICIT freed 149K, 8% free 2626K/2832K, paused 0ms+1ms, total 3ms
W/Resources(  168): Preloaded drawable resource #0x10801d0 (android:drawable/btn_star_off_normal_holo_dark) that varies with configuration!!
W/Resources(  168): Preloaded drawable resource #0x10801da (android:drawable/btn_star_on_normal_holo_dark) that varies with configuration!!
W/Resources(  168): Preloaded drawable resource #0x10801d6 (android:drawable/btn_star_on_disabled_holo_dark) that varies with configuration!!
W/Resources(  168): Preloaded drawable resource #0x10801cc (android:drawable/btn_star_off_disabled_holo_dark) that varies with configuration!!
W/Resources(  168): Preloaded drawable resource #0x10801dc (android:drawable/btn_star_on_pressed_holo_dark) that varies with configuration!!
D/dalvikvm(  168): GC_EXPLICIT freed 56K, 8% free 2624K/2832K, paused 1ms+0ms, total 3ms
W/Resources(  168): Preloaded drawable resource #0x10801d2 (android:drawable/btn_star_off_pressed_holo_dark) that varies with configuration!!
W/Resources(  168): Preloaded drawable resource #0x10801d8 (android:drawable/btn_star_on_focused_holo_dark) that varies with configuration!!
W/Resources(  168): Preloaded drawable resource #0x10801ce (android:drawable/btn_star_off_focused_holo_dark) that varies with configuration!!
W/Resources(  168): Preloaded drawable resource #0x10801d4 (android:drawable/btn_star_on_disabled_focused_holo_dark) that varies with configuration!!
W/Resources(  168): Preloaded drawable resource #0x10801ca (android:drawable/btn_star_off_disabled_focused_holo_dark) that varies with configuration!!
D/dalvikvm(  168): GC_EXPLICIT freed 53K, 8% free 2624K/2832K, paused 0ms+0ms, total 2ms
W/Resources(  168): Preloaded drawable resource #0x10801d0 (android:drawable/btn_star_off_normal_holo_dark) that varies with configuration!!
W/Resources(  168): Preloaded drawable resource #0x10801da (android:drawable/btn_star_on_normal_holo_dark) that varies with configuration!!
W/Resources(  168): Preloaded drawable resource #0x10801d6 (android:drawable/btn_star_on_disabled_holo_dark) that varies with configuration!!
W/Resources(  168): Preloaded drawable resource #0x10801cc (android:drawable/btn_star_off_disabled_holo_dark) that varies with configuration!!
W/Resources(  168): Preloaded drawable resource #0x10801dc (android:drawable/btn_star_on_pressed_holo_dark) that varies with configuration!!
W/Resources(  168): Preloaded drawable resource #0x10801d2 (android:drawable/btn_star_off_pressed_holo_dark) that varies with configuration!!
W/Resources(  168): Preloaded drawable resource #0x10801d8 (android:drawable/btn_star_on_focused_holo_dark) that varies with configuration!!
W/Resources(  168): Preloaded drawable resource #0x10801ce (android:drawable/btn_star_off_focused_holo_dark) that varies with configuration!!
W/Resources(  168): Preloaded drawable resource #0x10801d4 (android:drawable/btn_star_on_disabled_focused_holo_dark) that varies with configuration!!
W/Resources(  168): Preloaded drawable resource #0x10801d6 (android:drawable/btn_star_on_disabled_holo_dark) that varies with configuration!!
W/Resources(  168): Preloaded drawable resource #0x10801ca (android:drawable/btn_star_off_disabled_focused_holo_dark) that varies with configuration!!
W/Resources(  168): Preloaded drawable resource #0x10801cc (android:drawable/btn_star_off_disabled_holo_dark) that varies with configuration!!
W/Resources(  168): Preloaded drawable resource #0x10801d0 (android:drawable/btn_star_off_normal_holo_dark) that varies with configuration!!
W/Resources(  168): Preloaded drawable resource #0x10801da (android:drawable/btn_star_on_normal_holo_dark) that varies with configuration!!
W/Resources(  168): Preloaded drawable resource #0x10801c7 (android:drawable/btn_star_holo_dark) that varies with configuration!!
D/dalvikvm(  168): GC_EXPLICIT freed 149K, 8% free 2628K/2832K, paused 0ms+1ms, total 3ms
W/Resources(  168): Preloaded drawable resource #0x10801f7 (android:drawable/btn_toggle_on_pressed_holo_light) that varies with configuration!!
W/Resources(  168): Preloaded drawable resource #0x10801f6 (android:drawable/btn_toggle_on_pressed_holo_dark) that varies with configuration!!
W/Resources(  168): Preloaded drawable resource #0x10801f5 (android:drawable/btn_toggle_on_normal_holo_light) that varies with configuration!!
W/Resources(  168): Preloaded drawable resource #0x10801f4 (android:drawable/btn_toggle_on_normal_holo_dark) that varies with configuration!!
W/Resources(  168): Preloaded drawable resource #0x10801f3 (android:drawable/btn_toggle_on_focused_holo_light) that varies with configuration!!
W/Resources(  168): Preloaded drawable resource #0x10801f2 (android:drawable/btn_toggle_on_focused_holo_dark) that varies with configuration!!
D/dalvikvm(  168): GC_EXPLICIT freed 12K, 6% free 2671K/2832K, paused 1ms+0ms, total 3ms
W/Resources(  168): Preloaded drawable resource #0x10801f1 (android:drawable/btn_toggle_on_disabled_holo_light) that varies with configuration!!
W/Resources(  168): Preloaded drawable resource #0x10801f0 (android:drawable/btn_toggle_on_disabled_holo_dark) that varies with configuration!!
W/Resources(  168): Preloaded drawable resource #0x10801ef (android:drawable/btn_toggle_on_disabled_focused_holo_light) that varies with configuration!!
W/Resources(  168): Preloaded drawable resource #0x10801ee (android:drawable/btn_toggle_on_disabled_focused_holo_dark) that varies with configuration!!
W/Resources(  168): Preloaded drawable resource #0x10801ec (android:drawable/btn_toggle_off_pressed_holo_light) that varies with configuration!!
W/Resources(  168): Preloaded drawable resource #0x10801eb (android:drawable/btn_toggle_off_pressed_holo_dark) that varies with configuration!!
D/dalvikvm(  168): GC_EXPLICIT freed 55K, 6% free 2672K/2832K, paused 0ms+1ms, total 3ms
W/Resources(  168): Preloaded drawable resource #0x10801ea (android:drawable/btn_toggle_off_normal_holo_light) that varies with configuration!!
W/Resources(  168): Preloaded drawable resource #0x10801e9 (android:drawable/btn_toggle_off_normal_holo_dark) that varies with configuration!!
W/Resources(  168): Preloaded drawable resource #0x10801e8 (android:drawable/btn_toggle_off_focused_holo_light) that varies with configuration!!
W/Resources(  168): Preloaded drawable resource #0x10801e7 (android:drawable/btn_toggle_off_focused_holo_dark) that varies with configuration!!
W/Resources(  168): Preloaded drawable resource #0x10801e6 (android:drawable/btn_toggle_off_disabled_holo_light) that varies with configuration!!
W/Resources(  168): Preloaded drawable resource #0x10801e5 (android:drawable/btn_toggle_off_disabled_holo_dark) that varies with configuration!!
D/dalvikvm(  168): GC_EXPLICIT freed 54K, 6% free 2673K/2832K, paused 0ms+0ms, total 3ms
W/Resources(  168): Preloaded drawable resource #0x10801e4 (android:drawable/btn_toggle_off_disabled_focused_holo_light) that varies with configuration!!
W/Resources(  168): Preloaded drawable resource #0x10801e3 (android:drawable/btn_toggle_off_disabled_focused_holo_dark) that varies with configuration!!
W/Resources(  168): Preloaded drawable resource #0x10801f5 (android:drawable/btn_toggle_on_normal_holo_light) that varies with configuration!!
W/Resources(  168): Preloaded drawable resource #0x10801f1 (android:drawable/btn_toggle_on_disabled_holo_light) that varies with configuration!!
W/Resources(  168): Preloaded drawable resource #0x10801f7 (android:drawable/btn_toggle_on_pressed_holo_light) that varies with configuration!!
W/Resources(  168): Preloaded drawable resource #0x10801f3 (android:drawable/btn_toggle_on_focused_holo_light) that varies with configuration!!
W/Resources(  168): Preloaded drawable resource #0x10801f5 (android:drawable/btn_toggle_on_normal_holo_light) that varies with configuration!!
W/Resources(  168): Preloaded drawable resource #0x10801ef (android:drawable/btn_toggle_on_disabled_focused_holo_light) that varies with configuration!!
W/Resources(  168): Preloaded drawable resource #0x10801f1 (android:drawable/btn_toggle_on_disabled_holo_light) that varies with configuration!!
W/Resources(  168): Preloaded drawable resource #0x10801ea (android:drawable/btn_toggle_off_normal_holo_light) that varies with configuration!!
W/Resources(  168): Preloaded drawable resource #0x10801e6 (android:drawable/btn_toggle_off_disabled_holo_light) that varies with configuration!!
W/Resources(  168): Preloaded drawable resource #0x10801ec (android:drawable/btn_toggle_off_pressed_holo_light) that varies with configuration!!
W/Resources(  168): Preloaded drawable resource #0x10801e8 (android:drawable/btn_toggle_off_focused_holo_light) that varies with configuration!!
W/Resources(  168): Preloaded drawable resource #0x10801ea (android:drawable/btn_toggle_off_normal_holo_light) that varies with configuration!!
W/Resources(  168): Preloaded drawable resource #0x10801e4 (android:drawable/btn_toggle_off_disabled_focused_holo_light) that varies with configuration!!
W/Resources(  168): Preloaded drawable resource #0x10801e6 (android:drawable/btn_toggle_off_disabled_holo_light) that varies with configuration!!
W/Resources(  168): Preloaded drawable resource #0x10801e1 (android:drawable/btn_toggle_holo_light) that varies with configuration!!
D/dalvikvm(  168): GC_EXPLICIT freed 71K, 4% free 2752K/2840K, paused 0ms+1ms, total 3ms
W/Resources(  168): Preloaded drawable resource #0x10801f4 (android:drawable/btn_toggle_on_normal_holo_dark) that varies with configuration!!
W/Resources(  168): Preloaded drawable resource #0x10801f0 (android:drawable/btn_toggle_on_disabled_holo_dark) that varies with configuration!!
W/Resources(  168): Preloaded drawable resource #0x10801f6 (android:drawable/btn_toggle_on_pressed_holo_dark) that varies with configuration!!
W/Resources(  168): Preloaded drawable resource #0x10801f2 (android:drawable/btn_toggle_on_focused_holo_dark) that varies with configuration!!
W/Resources(  168): Preloaded drawable resource #0x10801f4 (android:drawable/btn_toggle_on_normal_holo_dark) that varies with configuration!!
W/Resources(  168): Preloaded drawable resource #0x10801ee (android:drawable/btn_toggle_on_disabled_focused_holo_dark) that varies with configuration!!
W/Resources(  168): Preloaded drawable resource #0x10801f0 (android:drawable/btn_toggle_on_disabled_holo_dark) that varies with configuration!!
W/Resources(  168): Preloaded drawable resource #0x10801e9 (android:drawable/btn_toggle_off_normal_holo_dark) that varies with configuration!!
W/Resources(  168): Preloaded drawable resource #0x10801e5 (android:drawable/btn_toggle_off_disabled_holo_dark) that varies with configuration!!
W/Resources(  168): Preloaded drawable resource #0x10801eb (android:drawable/btn_toggle_off_pressed_holo_dark) that varies with configuration!!
W/Resources(  168): Preloaded drawable resource #0x10801e7 (android:drawable/btn_toggle_off_focused_holo_dark) that varies with configuration!!
W/Resources(  168): Preloaded drawable resource #0x10801e9 (android:drawable/btn_toggle_off_normal_holo_dark) that varies with configuration!!
W/Resources(  168): Preloaded drawable resource #0x10801e3 (android:drawable/btn_toggle_off_disabled_focused_holo_dark) that varies with configuration!!
W/Resources(  168): Preloaded drawable resource #0x10801e5 (android:drawable/btn_toggle_off_disabled_holo_dark) that varies with configuration!!
W/Resources(  168): Preloaded drawable resource #0x10801e0 (android:drawable/btn_toggle_holo_dark) that varies with configuration!!
D/dalvikvm(  168): GC_EXPLICIT freed 146K, 6% free 2736K/2896K, paused 0ms+0ms, total 3ms
W/Resources(  168): Preloaded drawable resource #0x108064c (android:drawable/textfield_multiline_default_holo_light) that varies with configuration!!
W/Resources(  168): Preloaded drawable resource #0x1080650 (android:drawable/textfield_multiline_disabled_holo_light) that varies with configuration!!
W/Resources(  168): Preloaded drawable resource #0x108064a (android:drawable/textfield_multiline_activated_holo_light) that varies with configuration!!
W/Resources(  168): Preloaded drawable resource #0x1080652 (android:drawable/textfield_multiline_focused_holo_light) that varies with configuration!!
W/Resources(  168): Preloaded drawable resource #0x108064c (android:drawable/textfield_multiline_default_holo_light) that varies with configuration!!
