I/EventHub(  264): New device: id=1, fd=84, path='/dev/input/event9', name='Android Input', classes=0x37, configuration='/system/usr/idc/Android_Input.idc', keyLayout='/system/usr/keylayout/Android_Input.kl', keyCharacterMap='/system/usr/keychars/Generic.kcm', builtinKeyboard=false, usingSuspendBlockIoctl=true, usingClockIoctl=true
E/EventHub(  264): could not get driver version for /dev/input/mouse4, Not a typewriter
I/InputManager(  264): Starting input manager
I/SystemServer(  264): Bluetooth Manager Service
I/SystemServer(  264): Input Method Service
W/InputMethodManagerService(  264): Couldn't create dir.: /data/system/inputmethod
I/SystemServer(  264): Accessibility Manager
I/ActivityManager(  264): Config changes=1dfb {1.0 460mcc7mnc zh_CN ldltr sw480dp w480dp h853dp 240dpi lrg long port ?uimode ?night -touch -keyb/v/h -nav/h s.2}
D/SurfaceFlinger(  167): setOrientation, mFbdev=0xb7c91050, mFbDev->setOrientation=0xb69bbce0, orientation=0
I/gralloc_nox(  167): setOrientation: orientation=0
D/EventHub(  264): No input device configuration file found for device 'gpio-keys'.
W/EventHub(  264): Unable to disable kernel key repeat for /dev/input/event8: Function not implemented
I/EventHub(  264): Virtual keyboard mode is |0] [0]
I/EventHub(  264): Vrtual keyboard is set to Hardware mode
I/EventHub(  264): New device: id=2, fd=87, path='/dev/input/event8', name='gpio-keys', classes=0x81, configuration='', keyLayout='/system/usr/keylayout/gpio-keys.kl', keyCharacterMap='/system/usr/keychars/gpio-keys.kcm', builtinKeyboard=false, usingSuspendBlockIoctl=true, usingClockIoctl=true
D/EventHub(  264): No input device configuration file found for device 'seamless mouse'.
I/EventHub(  264): New device: id=3, fd=88, path='/dev/input/event7', name='seamless mouse', classes=0x4, configuration='', keyLayout='', keyCharacterMap='', builtinKeyboard=false, usingSuspendBlockIoctl=true, usingClockIoctl=true
E/EventHub(  264): could not get driver version for /dev/input/mouse3, Not a typewriter
I/ActivityManager(  264): Config changes=400 {1.0 460mcc7mnc zh_CN ldltr sw480dp w480dp h828dp 240dpi lrg long port ?uimode ?night -touch -keyb/v/h -nav/h s.3}
I/SystemServer(  264): Mount Service
D/MountService(  264): got storage path: /mnt/sdcard description: SD  primary: true removable: false emulated: true mtpReserve: 100 allowMassStorage: false maxFileSize: 0
D/MountService(  264): addVolumeLocked() StorageVolume:
D/MountService(  264):     mStorageId=65537 mPath=/storage/emulated/0 mDescriptionId=17040662 
D/MountService(  264):     mPrimary=true mRemovable=false mEmulated=true mMtpReserveSpace=100 
D/MountService(  264):     mAllowMassStorage=false mMaxFileSize=0 mOwner=UserHandle{0} mUuid=null 
D/MountService(  264):     mUserLabel=null mState=null 
I/SystemServer(  264): LockSettingsService
I/SystemServer(  264): Device Policy
I/SystemServer(  264): Status Bar
I/SystemServer(  264): Clipboard Service
I/SystemServer(  264): NetworkManagement Service
I/SystemServer(  264): Text Service Manager Service
W/TextServicesManagerService(  264): no available spell checker services found
I/SystemServer(  264): NetworkStats Service
I/SystemServer(  264): NetworkPolicy Service
I/SystemServer(  264): Wi-Fi P2pService
I/SystemServer(  264): Wi-Fi Service
D/dalvikvm(  264): GC_CONCURRENT freed 157K, 5% free 4553K/4780K, paused 2ms+0ms, total 5ms
I/PackageManager(  264): No secure containers on sdcard
W/PackageManager(  264): Unknown permission com.huawei.authentication.HW_ACCESS_AUTH_SERVICE in package com.tencent.mm
W/PackageManager(  264): Unknown permission com.android.launcher.permission.READ_SETTINGS in package com.tencent.mm
W/PackageManager(  264): Unknown permission com.tencent.mm.location.permission.SEND_VIEW in package com.tencent.mm
W/PackageManager(  264): Unknown permission com.huawei.android.launcher.permission.CHANGE_BADGE in package com.tencent.mm
W/PackageManager(  264): Unknown permission android.permission.WRITE_APP_BADGE in package com.tencent.mm
W/PackageManager(  264): Unknown permission android.permission.REQUEST_IGNORE_BATTERY_OPTIMIZATIONS in package com.tencent.mm
W/PackageManager(  264): Unknown permission android.permission.BODY_SENSORS in package com.tencent.mm
W/PackageManager(  264): Unknown permission com.google.android.c2dm.permission.RECEIVE in package com.tencent.mm
W/PackageManager(  264): Unknown permission com.android.vending.BILLING in package com.tencent.mm
W/PackageManager(  264): Unknown permission android.permission.USE_FINGERPRINT in package com.tencent.mm
W/PackageManager(  264): Unknown permission com.google.android.googleapps.permission.GOOGLE_AUTH in package com.android.settings
W/PackageManager(  264): Unknown permission com.android.launcher.permission.READ_SETTINGS in package com.android.settings
W/PackageManager(  264): Unknown permission com.android.launcher.permission.WRITE_SETTINGS in package com.android.settings
W/PackageManager(  264): Unknown permission com.android.smspush.WAPPUSH_MANAGER_BIND in package com.android.phone
W/PackageManager(  264): Unknown permission com.google.android.googleapps.permission.GOOGLE_AUTH in package com.android.providers.calendar
W/PackageManager(  264): Unknown permission com.google.android.googleapps.permission.GOOGLE_AUTH.cl in package com.android.providers.calendar
W/PackageManager(  264): Unknown permission com.android.launcher.permission.READ_SETTINGS in package com.android.onetimeinitializer
W/PackageManager(  264): Unknown permission com.android.launcher.permission.WRITE_SETTINGS in package com.android.onetimeinitializer
W/PackageManager(  264): Unknown permission com.cyanogenmod.filemanager.permissions.READ_THEME in package com.cyanogenmod.filemanager
W/PackageManager(  264): Unknown permission com.android.launcher.permission.READ_SETTINGS in package com.bignox.app.store.hd
W/PackageManager(  264): Unknown permission com.android.launcher.permission.WRITE_SETTINGS in package com.bignox.app.store.hd
I/SystemServer(  264): Connectivity Service
D/ConnectivityService(  264): ConnectivityService starting up
D/ConnectivityService(  264): wifiOnly=false
E/ConnectivityService(  264): Ignoring protectedNetwork 10
E/ConnectivityService(  264): Ignoring protectedNetwork 11
E/ConnectivityService(  264): Ignoring protectedNetwork 12
E/ConnectivityService(  264): Ignoring protectedNetwork 14
D/EventHub(  264): No input device configuration file found for device 'mouse'.
I/EventHub(  264): New device: id=4, fd=115, path='/dev/input/event6', name='mouse', classes=0x8, configuration='', keyLayout='', keyCharacterMap='', builtinKeyboard=false, usingSuspendBlockIoctl=true, usingClockIoctl=true
E/EventHub(  264): could not get driver version for /dev/input/mouse2, Not a typewriter
I/EventHub(  264): ignoring event id /dev/input/event5 driver VirtualBox mouse integration
D/EventHub(  264): No input device configuration file found for device 'Sleep Button'.
W/EventHub(  264): Unable to disable kernel key repeat for /dev/input/event1: Function not implemented
I/EventHub(  264): Virtual keyboard mode is |0] [0]
I/EventHub(  264): Vrtual keyboard is set to Hardware mode
I/EventHub(  264): New device: id=5, fd=106, path='/dev/input/event1', name='Sleep Button', classes=0x1, configuration='', keyLayout='/system/usr/keylayout/Generic.kl', keyCharacterMap='/system/usr/keychars/Generic.kcm', builtinKeyboard=false, usingSuspendBlockIoctl=true, usingClockIoctl=true
D/EventHub(  264): No input device configuration file found for device 'Power Button'.
W/EventHub(  264): Unable to disable kernel key repeat for /dev/input/event0: Function not implemented
I/EventHub(  264): Virtual keyboard mode is |0] [0]
I/EventHub(  264): Vrtual keyboard is set to Hardware mode
I/EventHub(  264): New device: id=6, fd=116, path='/dev/input/event0', name='Power Button', classes=0x1, configuration='', keyLayout='/system/usr/keylayout/Generic.kl', keyCharacterMap='/system/usr/keychars/Generic.kcm', builtinKeyboard=false, usingSuspendBlockIoctl=true, usingClockIoctl=true
E/EventHub(  264): could not get driver version for /dev/input/mouse0, Not a typewriter
E/MobileDataStateTracker(  264): default: Ignoring feature request because could not acquire PhoneService
E/MobileDataStateTracker(  264): default: Could not enable APN type "default"
D/WifiController(  264): WifiController msg { when=-1ms what=155656 target=com.android.internal.util.StateMachine$SmHandler } deferred for 457ms
I/WifiService(  264): WifiService starting up with Wi-Fi enabled
D/WifiService(  264): setWifiEnabled: true pid=264, uid=1000
I/SystemServer(  264): Network Service Discovery Service
D/NsdService(  264): Network service discovery enabled true
I/SystemServer(  264): UpdateLock Service
I/SystemServer(  264): Notification Manager
I/SystemServer(  264): Device Storage Monitor
I/SystemServer(  264): Location Manager
I/SystemServer(  264): Country Detector
I/SystemServer(  264): Search Service
D/dalvikvm(  264): GC_CONCURRENT freed 273K, 7% free 4690K/5032K, paused 0ms+2ms, total 5ms
I/SystemServer(  264): DropBox Service
I/SystemServer(  264): Wallpaper Service
I/SystemServer(  264): Audio Service
I/EventHub(  264): ignoring event id /dev/input/event3 driver ImExPS/2 Generic Explorer Mouse
I/ServiceManager(  264): Waiting for service media.audio_policy...
D/EventHub(  264): No input device configuration file found for device 'AT Translated Set 2 keyboard'.
I/EventHub(  264): Virtual keyboard mode is |0] [0]
I/EventHub(  264): Vrtual keyboard is set to Hardware mode
I/EventHub(  264): New device: id=7, fd=127, path='/dev/input/event2', name='AT Translated Set 2 keyboard', classes=0x3, configuration='', keyLayout='/system/usr/keylayout/AT_Translated_Set_2_keyboard.kl', keyCharacterMap='/system/usr/keychars/Generic.kcm', builtinKeyboard=false, usingSuspendBlockIoctl=true, usingClockIoctl=true
E/EventHub(  264): could not get driver version for /dev/input/mice, Not a typewriter
E/EventHub(  264): could not get driver version for /dev/input/mouse1, Not a typewriter
D/EventHub(  264): No input device configuration file found for device 'VirtualBox USB Tablet'.
I/EventHub(  264): New device: id=8, fd=128, path='/dev/input/event4', name='VirtualBox USB Tablet', classes=0x80000004, configuration='', keyLayout='', keyCharacterMap='', builtinKeyboard=false, usingSuspendBlockIoctl=true, usingClockIoctl=true
I/InputReader(  264): Device added: id=-1, name='Virtual', sources=0x00000301
I/InputReader(  264):   Touch device 'VirtualBox USB Tablet' could not query the properties of its associated display.  The device will be inoperable until the display size becomes available.
I/InputReader(  264): Device added: id=8, name='VirtualBox USB Tablet', sources=0x00001002
I/InputReader(  264): Device added: id=7, name='AT Translated Set 2 keyboard', sources=0x00000101
I/InputReader(  264): Device added: id=6, name='Power Button', sources=0x00000101
I/InputReader(  264): Device added: id=5, name='Sleep Button', sources=0x00000101
I/InputReader(  264): Device added: id=4, name='mouse', sources=0x00002002
I/InputReader(  264):   Touch device 'seamless mouse' could not query the properties of its associated display.  The device will be inoperable until the display size becomes available.
I/InputReader(  264): Device added: id=3, name='seamless mouse', sources=0x00001002
I/InputReader(  264): Device added: id=2, name='gpio-keys', sources=0x80000101
I/InputReader(  264):   Touch device 'Android Input' could not query the properties of its associated display.  The device will be inoperable until the display size becomes available.
I/InputReader(  264): Device added: id=1, name='Android Input', sources=0x00001303
I/ActivityManager(  264): Config changes=78 {1.0 460mcc7mnc zh_CN ldltr sw480dp w480dp h828dp 240dpi lrg long port ?uimode ?night finger qwerty/v/v dpad/v s.4}
I/InputReader(  264): Reconfiguring input devices.  changes=0x00000004
I/InputReader(  264): Device reconfigured: id=1, name='Android Input', size 720x1280, orientation 0, mode 1, display id 0
I/InputReader(  264): Device reconfigured: id=3, name='seamless mouse', size 720x1280, orientation 0, mode 1, display id 0
I/InputReader(  264): Device reconfigured: id=8, name='VirtualBox USB Tablet', size 720x1280, orientation 0, mode 1, display id 0
W/EmulatedCamera_Factory(  170):  camera socket connect is not connected, wait(3)...
D/WifiController(  264): DEFERRED_TOGGLE handled
E/WifiStateMachine(  264): Failed to reload STA firmware java.lang.IllegalArgumentException: command '1 softap fwreload eth1 STA' failed with '501 1 SoftAP command has failed'
D/CommandListener(  163): Setting iface cfg
D/CommandListener(  163): Trying to bring down eth1
E/Netd    (  163): Failed to open /proc/sys/net/ipv6/conf/eth1/use_tempaddr: No such file or directory
E/WifiStateMachine(  264): Unable to change interface settings: java.lang.IllegalStateException: command '4 interface ipv6privacyextensions eth1 enable' failed with '400 4 Failed to set ipv6 privacy extensions (No such file or directory)'
I/wpa_supplicant(  307): Successfully initialized wpa_supplicant
D/WifiMonitor(  264): startMonitoring(eth1) with mConnected = false
D/WifiConfigStore(  264): Loading config and enabling all networks
I/wpa_supplicant(  307): eth1: Trying to associate with SSID 'WiredSSID'
I/wpa_supplicant(  307): eth1: No network configuration found for the current AP
I/wpa_supplicant(  307): eth1: CTRL-EVENT-DISCONNECTED bssid=01:80:c2:00:00:03 reason=3 locally_generated=1
I/wpa_supplicant(  307): eth1: Associate with key management = 0 - comparing with WPA_NONE 16
I/wpa_supplicant(  307): eth1: Auth timeout 'coz 802.11, assoc_failed=0 ssid->mode=0
E/WifiConfigStore(  264): Error parsing configurationjava.io.FileNotFoundException: /data/misc/wifi/ipconfig.txt: open failed: ENOENT (No such file or directory)
E/WifiStateMachine(  264): Failed to set frequency band 0
I/wpa_supplicant(  307): eth1: Setting authentication timeout: 10 sec 0 usec
I/ServiceManager(  264): Waiting for service media.audio_policy...
W/EmulatedCamera_Factory(  170):  camera socket connect is not connected, wait(4)...
I/wpa_supplicant(  307): eth1: Trying to associate with 01:80:c2:00:00:03 (SSID='WiredSSID' freq=2412 MHz)
I/wpa_supplicant(  307): eth1: Associated with 01:80:c2:00:00:03
I/wpa_supplicant(  307): eth1: Cancelling authentication timeout
I/wpa_supplicant(  307): eth1: CTRL-EVENT-CONNECTED - Connection to 01:80:c2:00:00:03 completed (auth) [id=0 id_str=]
I/wpa_supplicant(  307): eth1: Associate with key management = 4 - comparing with WPA_NONE 16
I/wpa_supplicant(  307): eth1: Auth timeout 'coz 802.11, assoc_failed=0 ssid->mode=0
I/wpa_supplicant(  307): eth1: Setting authentication timeout: 10 sec 0 usec
E/WifiStateMachine(  264): Unexpected BatchedScanResults :null
D/EmulatedCamera_Factory(  170): Player connected fd:14
I/ServiceManager(  264): Waiting for service media.audio_policy...
D/EmulatedCamera_Factory(  170):  camera socket connect is connected:14
D/EmulatedCamera_Factory(  170): createHostCameras
D/EmulatedCamera_HostClient(  170):  camera socket connect is already connected:14
D/EmulatedCamera_Camera(  170): Initialize
D/EmulatedCamera_HostClient(  170):  camera socket connect is already connected:14
D/EmulatedCamera_Camera(  170): Initialize
I/CameraService(  170): Loaded "Camera Module" camera module
I/AudioPolicyManagerBase(  170): loadAudioPolicyConfig() loaded /system/etc/audio_policy.conf
I/AudioFlinger(  170): loadHwModule() Loaded primary audio interface from NOX audio HW HAL (audio) handle 1
I/AudioFlinger(  170): HAL output buffer size 880 frames, normal mix buffer size 1056 frames
I/AudioMixer(  170): found effect "Multichannel Downmix To Stereo" from The Android Open Source Project
E/MonoPipe(  170): Failed to fetch local time frequency when constructing a MonoPipe (res = -32).  getNextWriteTimestamp calls will be non-functional
I/AudioFlinger(  170): Using module 1 has the primary audio interface
I/AudioFlinger(  170): AudioFlinger's thread 0xb3540010 ready to run
I/AudioPolicyService(  170): Loaded audio policy from LEGACY Audio Policy HAL (audio_policy)
D/WifiStateMachine(  264): VerifyingLinkState enter
D/dalvikvm(  264): GC_CONCURRENT freed 305K, 8% free 4823K/5196K, paused 2ms+1ms, total 9ms
I/SystemServer(  264): Dock Observer
W/DockObserver(  264): This kernel does not have dock station support
I/SystemServer(  264): Wired Accessory Manager
W/WiredAccessoryManager(  264): This kernel does not have wired headset support
W/WiredAccessoryManager(  264): This kernel does not have usb audio support
W/WiredAccessoryManager(  264): This kernel does not have HDMI audio support
I/SystemServer(  264): USB Service
I/SystemServer(  264): Serial Service
I/SystemServer(  264): Twilight Service
I/SystemServer(  264): UI Mode Manager Service
I/SystemServer(  264): Backup Service
V/BackupManagerService(  264): Initializing package tracking
V/BackupManagerService(  264): No ancestral data
V/BackupManagerService(  264): addPackageParticipantsLocked: all
I/BackupManagerService(  264): Scheduling backup for new app android
D/BackupManagerService(  264): Now staging backup of android
D/Atlas   (  264): Loaded configuration: SliceMinArea (768x768) flags=0x2 count=25
I/WindowManager(  264): SAFE MODE not enabled
I/BackupManagerService(  264): Scheduling backup for new app com.android.browser
D/BackupManagerService(  264): Now staging backup of com.android.browser
I/BackupManagerService(  264): Scheduling backup for new app com.android.providers.userdictionary
D/BackupManagerService(  264): Now staging backup of com.android.providers.userdictionary
I/BackupManagerService(  264): Scheduling backup for new app com.android.sharedstoragebackup
D/BackupManagerService(  264): Now staging backup of com.android.sharedstoragebackup
I/BackupManagerService(  264): Scheduling backup for new app com.android.providers.settings
D/BackupManagerService(  264): Now staging backup of com.android.providers.settings
V/BackupManagerService(  264): Starting with transport android/com.android.internal.backup.LocalTransport
V/BackupManagerService(  264): Found transports: 1
I/BackupManagerService(  264): Binding to transport host ComponentInfo{android/com.android.internal.backup.LocalTransportService}
I/BackupManagerService(  264): Found stale backup journal, scheduling
I/BackupManagerService(  264):   android
I/BackupManagerService(  264):   com.android.browser
I/BackupManagerService(  264):   com.android.providers.userdictionary
I/BackupManagerService(  264):   com.android.sharedstoragebackup
I/BackupManagerService(  264):   com.android.providers.settings
I/BackupManagerService(  264): Backup enabled => false
I/BackupManagerService(  264): Opting out of backup
I/SystemServer(  264): AppWidget Service
I/SystemServer(  264): Recognition Service
I/SystemServer(  264): DiskStats Service
I/SystemServer(  264): SamplingProfiler Service
I/SystemServer(  264): NetworkTimeUpdateService
I/SystemServer(  264): CommonTimeManagementService
I/SystemServer(  264): CertBlacklister
I/SystemServer(  264): Dreams Service
I/SystemServer(  264): Assets Atlas Service
I/SystemServer(  264): IdleMaintenanceService
I/SystemServer(  264): Print Service
I/SystemServer(  264): Media Router Service
W/WindowManager(  264): updateFocusedWindowLocked, focusedAppToken is null.
I/Zygote  (  264): Process: zygote socket opened
V/KeyguardServiceDelegate(  264): *** Keyguard started
V/KeyguardServiceDelegate(  264): onSystemReady() called before keyguard service was ready
I/dalvikvm(  264): ignoring registerObject request in thread=1
I/dalvikvm(  264): ignoring registerObject request in thread=1
I/ActivityManager(  264): Start proc com.android.systemui for service com.android.keyguard/.KeyguardService: pid=354 uid=10006 gids={50006, 1028, 1015, 1023, 1035, 3002, 3001}
I/ActivityManager(  264): System now ready
I/SystemServer(  264): Making services ready
I/dalvikvm(  354): ignoring registerObject request in thread=1
I/dalvikvm(  354): ignoring registerObject request in thread=1
W/libsuspend(  264): Error writing 'on' to /sys/power/state: Invalid argument
E/libsuspend(  264): Error opening /sys/power/autosleep: No such file or directory
E/libsuspend(  264): Error opening /sys/power/wakeup_count: Permission denied
E/libsuspend(  264): failed to initialize autosuspend
D/NetworkManagementService(  264): enabling bandwidth control
W/MountService(  264): Duplicate state transition (mounted -> mounted) for /storage/emulated/0
V/KeyguardService(  354): onCreate()
D/SystemUIService(  354): loading: class com.android.systemui.recent.Recents
D/SystemUIService(  354): running: com.android.systemui.recent.Recents@4a7a3ea8
D/SystemUIService(  354): loading: class com.android.systemui.statusbar.SystemBars
D/SystemUIService(  354): running: com.android.systemui.statusbar.SystemBars@4a7a4178
D/SystemUIService(  354): loading: class com.android.systemui.usb.StorageNotification
D/SystemUIService(  354): running: com.android.systemui.usb.StorageNotification@4a7a5108
D/SystemUIService(  354): loading: class com.android.systemui.power.PowerUI
D/SystemUIService(  354): running: com.android.systemui.power.PowerUI@4a7a5c10
D/SystemUIService(  354): loading: class com.android.systemui.media.RingtonePlayer
D/SystemUIService(  354): running: com.android.systemui.media.RingtonePlayer@4a7a6424
D/SystemUIService(  354): loading: class com.android.systemui.settings.SettingsUI
D/SystemUIService(  354): running: com.android.systemui.settings.SettingsUI@4a7a6d58
D/PhoneStatusBar(  354): mSettingsPanelGravity = 55
I/StatusBarManagerService(  264): registerStatusBar bar=com.android.internal.statusbar.IStatusBar$Stub$Proxy@4a8ba1e4
D/        (  264): HostConnection::get() New Host Connection established 0xb85aa360, tid 353
E/WVMExtractor(  170): Failed to open libwvm.so
D/libEGL  (  264): loaded /system/lib/egl/libEGL_adreno.so
D/dalvikvm(  354): JIT code cache reset in 0 ms (0 bytes 1/0)
D/dalvikvm(  354): GC_CONCURRENT freed 136K, 7% free 3085K/3284K, paused 0ms+0ms, total 4ms
E/cutils-trace(  170): Error opening trace file: No such file or directory (2)
D/libEGL  (  264): loaded /system/lib/egl/libGLESv1_CM_adreno.so
D/libEGL  (  264): loaded /system/lib/egl/libGLESv2_adreno.so
D/dalvikvm(  354): GC_FOR_ALLOC freed 11K, 6% free 3142K/3340K, paused 6ms, total 6ms
I/dalvikvm-heap(  354): Grow heap (frag case) to 3.729MB for 635808-byte allocation
D/dalvikvm(  354): GC_CONCURRENT freed 1K, 6% free 3762K/3964K, paused 2ms+0ms, total 4ms
E/EGL_emulation(  264): egl: destroying current context refused
W/libEGL  (  264): eglTerminate() called w/ 1 objects remaining
D/Atlas   (  264): Rendered atlas in 63.70ms (0.43+63.26ms)
D/BluetoothManagerService(  264): Message: 20
D/BluetoothManagerService(  264): Added callback: android.bluetooth.IBluetoothManagerCallback$Stub$Proxy@4a8bc794:true
D/BluetoothAdapter(  354): 1249531804: getState() :  mService = null. Returning STATE_OFF
D/BluetoothAdapter(  354): 1249531804: getState() :  mService = null. Returning STATE_OFF
D/dalvikvm(  264): GC_CONCURRENT freed 201K, 6% free 5008K/5276K, paused 0ms+0ms, total 9ms
D/BluetoothAdapter(  354): 1249531804: getState() :  mService = null. Returning STATE_OFF
D/dalvikvm(  354): GC_CONCURRENT freed 193K, 7% free 3963K/4220K, paused 1ms+1ms, total 4ms
D/PhoneStatusBar(  354): disable: < expand icons alerts ticker system_info back home recent clock search >
I/iptables(  163): iptables: No chain/target/match by that name.
I/iptables(  163): iptables terminated by exit(1)
E/BandwidthController(  163): runIptablesCmd(): res=1 status=256 failed /system/bin/iptables -A bw_INPUT -m owner --socket-exists
I/ip6tables(  163): ip6tables: No chain/target/match by that name.
D/BluetoothAdapter(  354): 1249531804: getState() :  mService = null. Returning STATE_OFF
D/BluetoothAdapter(  354): 1249531804: getState() :  mService = null. Returning STATE_OFF
D/PhoneStatusBar(  354): heads up is disabled
I/ActivityManager(  264): Start proc android.process.acore for content provider com.android.providers.contacts/.ContactsProvider2: pid=397 uid=10002 gids={50002, 3003, 1028, 1015, 1023}
I/dalvikvm(  397): ignoring registerObject request in thread=1
I/dalvikvm(  397): ignoring registerObject request in thread=1
I/ip6tables(  163): ip6tables terminated by exit(1)
E/BandwidthController(  163): runIptablesCmd(): res=1 status=256 failed /system/bin/ip6tables -A bw_INPUT -m owner --socket-exists
F/NetworkManagementService(  264): problem enabling bandwidth controls
F/NetworkManagementService(  264): com.android.server.NativeDaemonConnector$NativeDaemonFailureException: command '5 bandwidth enable' failed with '400 5 Bandwidth command failed'
F/NetworkManagementService(  264): 	at com.android.server.NativeDaemonConnector.execute(NativeDaemonConnector.java:392)
F/NetworkManagementService(  264): 	at com.android.server.NativeDaemonConnector.executeForList(NativeDaemonConnector.java:328)
F/NetworkManagementService(  264): 	at com.android.server.NativeDaemonConnector.execute(NativeDaemonConnector.java:293)
F/NetworkManagementService(  264): 	at com.android.server.NetworkManagementService.prepareNativeDaemon(NetworkManagementService.java:348)
F/NetworkManagementService(  264): 	at com.android.server.NetworkManagementService.systemReady(NetworkManagementService.java:224)
F/NetworkManagementService(  264): 	at com.android.server.ServerThread$2.run(SystemServer.java:962)
F/NetworkManagementService(  264): 	at com.android.server.am.ActivityManagerService.systemReady(ActivityManagerService.java:9393)
F/NetworkManagementService(  264): 	at com.android.server.ServerThread.initAndLoop(SystemServer.java:939)
F/NetworkManagementService(  264): 	at com.android.server.SystemServer.main(SystemServer.java:1209)
F/NetworkManagementService(  264): 	at java.lang.reflect.Method.invokeNative(Native Method)
F/NetworkManagementService(  264): 	at java.lang.reflect.Method.invoke(Method.java:515)
F/NetworkManagementService(  264): 	at com.android.internal.os.ZygoteInit$MethodAndArgsCaller.run(ZygoteInit.java:779)
F/NetworkManagementService(  264): 	at com.android.internal.os.ZygoteInit.main(ZygoteInit.java:595)
F/NetworkManagementService(  264): 	at dalvik.system.NativeStart.main(Native Method)
I/iptables(  163): iptables: No chain/target/match by that name.
I/iptables(  163): iptables terminated by exit(1)
E/Netd    (  163): exec() res=0, status=256 for /system/bin/iptables -F fw_INPUT 
I/ip6tables(  163): ip6tables: No chain/target/match by that name.
I/ip6tables(  163): ip6tables terminated by exit(1)
E/Netd    (  163): exec() res=0, status=256 for /system/bin/ip6tables -F fw_INPUT 
I/iptables(  163): iptables: No chain/target/match by that name.
D/dalvikvm(  397): JIT code cache reset in 0 ms (0 bytes 1/0)
D/dalvikvm(  397): GC_CONCURRENT freed 170K, 8% free 3049K/3280K, paused 3ms+0ms, total 5ms
I/iptables(  163): iptables terminated by exit(1)
E/Netd    (  163): exec() res=0, status=256 for /system/bin/iptables -F fw_OUTPUT 
I/ip6tables(  163): ip6tables: No chain/target/match by that name.
I/ip6tables(  163): ip6tables terminated by exit(1)
E/Netd    (  163): exec() res=0, status=256 for /system/bin/ip6tables -F fw_OUTPUT 
I/iptables(  163): iptables: No chain/target/match by that name.
I/iptables(  163): iptables terminated by exit(1)
E/Netd    (  163): exec() res=0, status=256 for /system/bin/iptables -F fw_FORWARD 
I/ip6tables(  163): ip6tables: No chain/target/match by that name.
I/ip6tables(  163): ip6tables terminated by exit(1)
E/Netd    (  163): exec() res=0, status=256 for /system/bin/ip6tables -F fw_FORWARD 
F/SystemServer(  264): BOOT FAILURE making Network Managment Service ready
F/SystemServer(  264): java.lang.IllegalStateException: command '6 firewall disable' failed with '400 6 Firewall command failed'
F/SystemServer(  264): 	at com.android.server.NetworkManagementService.setFirewallEnabled(NetworkManagementService.java:1617)
F/SystemServer(  264): 	at com.android.server.NetworkManagementService.prepareNativeDaemon(NetworkManagementService.java:401)
F/SystemServer(  264): 	at com.android.server.NetworkManagementService.systemReady(NetworkManagementService.java:224)
F/SystemServer(  264): 	at com.android.server.ServerThread$2.run(SystemServer.java:962)
F/SystemServer(  264): 	at com.android.server.am.ActivityManagerService.systemReady(ActivityManagerService.java:9393)
F/SystemServer(  264): 	at com.android.server.ServerThread.initAndLoop(SystemServer.java:939)
F/SystemServer(  264): 	at com.android.server.SystemServer.main(SystemServer.java:1209)
F/SystemServer(  264): 	at java.lang.reflect.Method.invokeNative(Native Method)
F/SystemServer(  264): 	at java.lang.reflect.Method.invoke(Method.java:515)
F/SystemServer(  264): 	at com.android.internal.os.ZygoteInit$MethodAndArgsCaller.run(ZygoteInit.java:779)
F/SystemServer(  264): 	at com.android.internal.os.ZygoteInit.main(ZygoteInit.java:595)
F/SystemServer(  264): 	at dalvik.system.NativeStart.main(Native Method)
F/SystemServer(  264): Caused by: com.android.server.NativeDaemonConnector$NativeDaemonFailureException: command '6 firewall disable' failed with '400 6 Firewall command failed'
F/SystemServer(  264): 	at com.android.server.NativeDaemonConnector.execute(NativeDaemonConnector.java:392)
F/SystemServer(  264): 	at com.android.server.NativeDaemonConnector.executeForList(NativeDaemonConnector.java:328)
F/SystemServer(  264): 	at com.android.server.NativeDaemonConnector.execute(NativeDaemonConnector.java:293)
F/SystemServer(  264): 	at com.android.server.NetworkManagementService.setFirewallEnabled(NetworkManagementService.java:1614)
F/SystemServer(  264): 	... 11 more
W/SystemServer(  264): ***********************************************
W/NetworkStats(  264): bandwidth controls disabled, unable to track stats
W/NetworkPolicy(  264): bandwidth controls disabled, unable to enforce policy
I/iptables(  163): iptables: No chain/target/match by that name.
I/iptables(  163): iptables terminated by exit(1)
E/Netd    (  163): exec() res=0, status=256 for /system/bin/iptables -F fw_INPUT 
I/ip6tables(  163): ip6tables: No chain/target/match by that name.
I/ip6tables(  163): ip6tables terminated by exit(1)
E/Netd    (  163): exec() res=0, status=256 for /system/bin/ip6tables -F fw_INPUT 
I/iptables(  163): iptables: No chain/target/match by that name.
D/libEGL  (  354): loaded /system/lib/egl/libEGL_adreno.so
I/iptables(  163): iptables terminated by exit(1)
E/Netd    (  163): exec() res=0, status=256 for /system/bin/iptables -F fw_OUTPUT 
I/ip6tables(  163): ip6tables: No chain/target/match by that name.
D/        (  354): HostConnection::get() New Host Connection established 0xb8513f80, tid 354
I/ip6tables(  163): ip6tables terminated by exit(1)
E/Netd    (  163): exec() res=0, status=256 for /system/bin/ip6tables -F fw_OUTPUT 
D/libEGL  (  354): loaded /system/lib/egl/libGLESv1_CM_adreno.so
I/iptables(  163): iptables: No chain/target/match by that name.
D/libEGL  (  354): loaded /system/lib/egl/libGLESv2_adreno.so
I/iptables(  163): iptables terminated by exit(1)
E/Netd    (  163): exec() res=0, status=256 for /system/bin/iptables -F fw_FORWARD 
I/ip6tables(  163): ip6tables: No chain/target/match by that name.
I/ip6tables(  163): ip6tables terminated by exit(1)
E/Netd    (  163): exec() res=0, status=256 for /system/bin/ip6tables -F fw_FORWARD 
F/SystemServer(  264): BOOT FAILURE making Connectivity Service ready
F/SystemServer(  264): java.lang.IllegalStateException: command '7 firewall disable' failed with '400 7 Firewall command failed'
F/SystemServer(  264): 	at com.android.server.NetworkManagementService.setFirewallEnabled(NetworkManagementService.java:1617)
F/SystemServer(  264): 	at com.android.server.ConnectivityService.setLockdownTracker(ConnectivityService.java:3908)
F/SystemServer(  264): 	at com.android.server.ConnectivityService.updateLockdownVpn(ConnectivityService.java:3883)
F/SystemServer(  264): 	at com.android.server.ConnectivityService.systemReady(ConnectivityService.java:2235)
F/SystemServer(  264): 	at com.android.server.ServerThread$2.run(SystemServer.java:977)
F/SystemServer(  264): 	at com.android.server.am.ActivityManagerService.systemReady(ActivityManagerService.java:9393)
F/SystemServer(  264): 	at com.android.server.ServerThread.initAndLoop(SystemServer.java:939)
F/SystemServer(  264): 	at com.android.server.SystemServer.main(SystemServer.java:1209)
F/SystemServer(  264): 	at java.lang.reflect.Method.invokeNative(Native Method)
F/SystemServer(  264): 	at java.lang.reflect.Method.invoke(Method.java:515)
F/SystemServer(  264): 	at com.android.internal.os.ZygoteInit$MethodAndArgsCaller.run(ZygoteInit.java:779)
F/SystemServer(  264): 	at com.android.internal.os.ZygoteInit.main(ZygoteInit.java:595)
F/SystemServer(  264): 	at dalvik.system.NativeStart.main(Native Method)
F/SystemServer(  264): Caused by: com.android.server.NativeDaemonConnector$NativeDaemonFailureException: command '7 firewall disable' failed with '400 7 Firewall command failed'
F/SystemServer(  264): 	at com.android.server.NativeDaemonConnector.execute(NativeDaemonConnector.java:392)
F/SystemServer(  264): 	at com.android.server.NativeDaemonConnector.executeForList(NativeDaemonConnector.java:328)
F/SystemServer(  264): 	at com.android.server.NativeDaemonConnector.execute(NativeDaemonConnector.java:293)
F/SystemServer(  264): 	at com.android.server.NetworkManagementService.setFirewallEnabled(NetworkManagementService.java:1614)
F/SystemServer(  264): 	... 12 more
W/SystemServer(  264): ***********************************************
I/ActivityManager(  264): Config changes=200 {1.0 460mcc7mnc zh_CN ldltr sw480dp w480dp h828dp 240dpi lrg long port finger qwerty/v/v dpad/v s.5}
W/RecognitionManagerService(  264): no available voice recognition services found for user 0
W/InputMethodManagerService(  264): Ignoring setImeWindowStatus of uid 1000 token: null
I/ActivityManager(  264): Start proc com.example.android.softkeyboard for service com.example.android.softkeyboard/.SoftKeyboard: pid=431 uid=10025 gids={50025}
V/InputMethodManagerService(  264): Adding window token: android.os.Binder@4a8d788c
W/EGL_emulation(  354): eglSurfaceAttrib not implemented 3093 12436
W/ServiceWatcher(  264): com.google.android.gms not found
W/ServiceWatcher(  264): com.google.android.gms not found
W/ServiceWatcher(  264): com.google.android.gms not found
W/ServiceWatcher(  264): com.google.android.gms not found
E/FlpHardwareProvider(  264): Error hw_get_module 'flp': -2
W/ServiceWatcher(  264): com.google.android.gms not found
E/FlpHardwareProvider(  264): Error hw_get_module 'flp': -2
W/ServiceWatcher(  264): com.google.android.gms not found
E/GpsLocationProvider(  264): no AGPS interface in set_agps_server
D/OpenGLRenderer(  354): Enabling debug mode 0
I/dalvikvm(  431): ignoring registerObject request in thread=1
I/dalvikvm(  431): ignoring registerObject request in thread=1
I/CommonTimeManagementService(  264): No common time service detected on this platform.  Common time services will be unavailable.
W/ContextImpl(  264): Calling a method in the system process without a qualified user: android.app.ContextImpl.sendBroadcast:1123 com.android.server.usb.UsbSettingsManager.deviceAttached:621 com.android.server.usb.UsbHostManager.usbDeviceAdded:156 com.android.server.usb.UsbHostManager.monitorUsbHostBus:-2 com.android.server.usb.UsbHostManager.access$000:38 
W/LocationManagerService(  264): no network location provider found
E/LocationManagerService(  264): no geocoder provider found
E/LocationManagerService(  264): No FusedProvider found.
E/LocationManagerService(  264): no geofence provider found
D/dalvikvm(  354): GC_CONCURRENT freed 125K, 5% free 4225K/4412K, paused 3ms+0ms, total 9ms
D/dalvikvm(  264): GC_CONCURRENT freed 394K, 9% free 5158K/5620K, paused 35ms+6ms, total 55ms
D/dalvikvm(  264): WAIT_FOR_CONCURRENT_GC blocked 2ms
I/ActivityManager(  264): Start proc com.android.settings for broadcast com.android.settings/.widget.SettingsAppWidgetProvider: pid=445 uid=1000 gids={41000, 1028, 1015, 1023, 3002, 3001, 3003, 1007}
I/InputReader(  264): Reconfiguring input devices.  changes=0x00000020
I/InputReader(  264): Reconfiguring input devices.  changes=0x00000010
I/ActivityManager(  264): Start proc com.android.phone for added application com.android.phone: pid=457 uid=1001 gids={41001, 3002, 3001, 3003, 1028, 1015, 1023}
I/ActivityManager(  264): START u0 {act=android.intent.action.MAIN cat=[android.intent.category.HOME] flg=0x10000000 cmp=com.vphone.launcher/.Launcher} from pid 0
I/dalvikvm(  445): ignoring registerObject request in thread=1
I/dalvikvm(  445): ignoring registerObject request in thread=1
I/ActivityManager(  264): Start proc com.vphone.launcher for activity com.vphone.launcher/.Launcher: pid=468 uid=1000 gids={41000, 1028, 1015, 1023, 3002, 3001, 3003, 1007}
W/ActivityManager(  264): Unable to start service Intent { cmp=com.android.printspooler/.PrintSpoolerService } U=0: not found
D/WifiStateMachine(  264): VerifyingLinkState GOOD_LINK_DETECTED: transition to captive portal check
D/WifiStateMachine(  264): CaptivePortalCheckState enter
I/dalvikvm(  457): ignoring registerObject request in thread=1
I/dalvikvm(  457): ignoring registerObject request in thread=1
I/dalvikvm(  468): ignoring registerObject request in thread=1
I/dalvikvm(  468): ignoring registerObject request in thread=1
V/KeyguardServiceDelegate(  264): *** Keyguard connected (yay!)
W/InputMethodManagerService(  264): Focus gain on non-focused client android.view.inputmethod.InputMethodManager$1@4a8afd88 (uid=1000 pid=264)
D/BluetoothManagerService(  264): Message: 300
D/BluetoothManagerService(  264): MESSAGE_USER_SWITCHED
D/PhoneStatusBar(  354): mSettingsPanelGravity = 55
V/BackupManagerService(  264): Connected to transport ComponentInfo{android/com.android.internal.backup.LocalTransportService}
V/BackupManagerService(  264): Registering transport android/com.android.internal.backup.LocalTransportService::android/com.android.internal.backup.LocalTransport = com.android.internal.backup.LocalTransport@4a8d5e24
D/ConnectivityService(  264): Captive portal check NetworkInfo: type: WIFI[], state: CONNECTING/CAPTIVE_PORTAL_CHECK, reason: (unspecified), extra: "AndroidAP", roaming: false, failover: false, isAvailable: true, isConnectedToProvisioningNetwork: false
D/ConnectivityService(  264): handleCaptivePortalTrackerCheck: call captivePortalCheckComplete ni=NetworkInfo: type: WIFI[], state: CONNECTING/CAPTIVE_PORTAL_CHECK, reason: (unspecified), extra: "AndroidAP", roaming: false, failover: false, isAvailable: true, isConnectedToProvisioningNetwork: false
D/ConnectivityService(  264): ConnectivityChange for WIFI: CONNECTED/CONNECTED
E/ConnectivityService(  264): Unexpected mtu value: android.net.wifi.WifiStateTracker@4a883140
D/BluetoothManagerService(  264): Message: 20
D/BluetoothManagerService(  264): Added callback: android.bluetooth.IBluetoothManagerCallback$Stub$Proxy@4a8c298c:true
D/WifiStateMachine(  264): CaptivePortalCheckState CMD_CAPTIVE_CHECK_COMPLETE
D/BluetoothAdapter(  445): 1249513032: getState() :  mService = null. Returning STATE_OFF
D/BluetoothManagerService(  264): Message: 30
E/BluetoothInputDevice(  445): Could not bind to Bluetooth HID Service with Intent { act=android.bluetooth.IBluetoothInputDevice }
D/BluetoothManagerService(  264): Message: 30
E/BluetoothPan(  445): Could not bind to Bluetooth Pan Service with Intent { act=android.bluetooth.IBluetoothPan }
D/LocalBluetoothProfileManager(  445): Adding local MAP profile
D/BluetoothMap(  445): Create BluetoothMap proxy object
D/BluetoothManagerService(  264): Message: 30
E/BluetoothMap(  445): Could not bind to Bluetooth MAP Service with Intent { act=android.bluetooth.IBluetoothMap }
D/BluetoothManagerService(  264): Message: 30
E/BluetoothPbap(  445): Could not bind to Bluetooth Pbap Service with Intent { act=android.bluetooth.IBluetoothPbap }
D/LocalBluetoothProfileManager(  445): LocalBluetoothProfileManager construction complete
D/BluetoothAdapter(  445): 1249513032: getState() :  mService = null. Returning STATE_OFF
D/BluetoothAdapter(  445): 1249513032: getState() :  mService = null. Returning STATE_OFF
V/StatusBar(  354): userId 0 is in the house
D/        (  167): HostConnection::get() New Host Connection established 0xb7ca2de0, tid 442
V/KeyguardServiceDelegate(  264): **** SHOWN CALLED ****
D/Nat464Xlat(  264): requiresClat: netType=1, hasIPv4Address=true
D/dalvikvm(  264): GC_CONCURRENT freed 393K, 8% free 5254K/5708K, paused 1ms+3ms, total 14ms
I/dalvikvm(  468): Could not find method android.view.ViewAnimationUtils.createCircularReveal, referenced from method com.vphone.launcher.Launcher.a
W/dalvikvm(  468): VFY: unable to resolve static method 16870: Landroid/view/ViewAnimationUtils;.createCircularReveal (Landroid/view/View;IIFF)Landroid/animation/Animator;
D/dalvikvm(  468): VFY: replacing opcode 0x71 at 0x0269
D/dalvikvm(  354): GC_FOR_ALLOC freed 92K, 4% free 4279K/4432K, paused 3ms, total 3ms
D/Launcher.LauncherProvider(  468): 11683562 - initializeMaxScreenId(): 1
I/dalvikvm-heap(  354): Grow heap (frag case) to 10.482MB for 6553612-byte allocation
D/dalvikvm(  354): GC_CONCURRENT freed 4K, 2% free 10674K/10836K, paused 1ms+0ms, total 3ms
V/Launcher(  468): LauncherAppState inited
D/dalvikvm(  468): GC_FOR_ALLOC freed 219K, 9% free 3114K/3404K, paused 3ms, total 3ms
D/dalvikvm(  468): GC_CONCURRENT freed 1K, 8% free 3134K/3404K, paused 2ms+1ms, total 5ms
D/BluetoothManagerService(  264): Message: 20
D/BluetoothManagerService(  264): Added callback: android.bluetooth.IBluetoothManagerCallback$Stub$Proxy@4a88a0bc:true
D/Launcher.Model(  468): Old launcher provider: content://com.android.launcher2.settings/favorites?notify=true
D/Launcher.Model(  468): Old launcher provider does not exist.
I/PackageManager(  264):   Action: "android.intent.action.MAIN"
I/PackageManager(  264):   Category: "android.intent.category.HOME"
I/PackageManager(  264):   Category: "android.intent.category.DEFAULT"
I/PackageManager(  264): Adding preferred activity ComponentInfo{com.vphone.launcher/com.vphone.launcher.Launcher} for user 0 :
W/ImageLoader(  468): diskCache() and diskCacheFileNameGenerator() calls overlap each other
W/ContextImpl(  468): Calling a method in the system process without a qualified user: android.app.ContextImpl.startService:1492 android.content.ContextWrapper.startService:494 com.vphone.launcher.LauncherApplication.onCreate:113 android.app.Instrumentation.callApplicationOnCreate:1024 android.app.ActivityThread.handleBindApplication:4346 
D/dalvikvm(  468): GC_CONCURRENT freed 78K, 7% free 3448K/3676K, paused 1ms+7ms, total 24ms
D/dalvikvm(  457): GC_CONCURRENT freed 147K, 7% free 3098K/3304K, paused 3ms+0ms, total 18ms
D/BluetoothManagerService(  264): Message: 30
E/BluetoothHeadset(  457): Could not bind to Bluetooth Headset Service with Intent { act=android.bluetooth.IBluetoothHeadset }
D/CallNotifier(  457): CallNotifier: mSignalInfoToneGenerator created when toneplay
D/BluetoothManagerService(  264): Message: 30
E/BluetoothHeadset(  457): Could not bind to Bluetooth Headset Service with Intent { act=android.bluetooth.IBluetoothHeadset }
D/TelephonyDebugService(  457): TelephonyDebugService()
D/BluetoothManagerService(  264): Message: 30
E/BluetoothHeadset(  457): Could not bind to Bluetooth Headset Service with Intent { act=android.bluetooth.IBluetoothHeadset }
E/BluetoothPhoneService(  457): Could not get a handle on Connection object for the call
W/CallNotifier(  457): Got onMwiChanged() on non-voice-capable device! Ignoring...
I/PhoneApp(  457): Headset phone created, binding local service.
D/MobileDataStateTracker(  264): default: Broadcast received: android.intent.action.ANY_DATA_STATE apnType=default
D/MobileDataStateTracker(  264): default: Received state=DISCONNECTED, old=DISCONNECTED, reason=radioTurnedOff
D/MobileDataStateTracker(  264): default: Broadcast received: android.intent.action.ANY_DATA_STATE apnType=default
D/MobileDataStateTracker(  264): default: Received state=DISCONNECTED, old=DISCONNECTED, reason=radioTurnedOff
D/MobileDataStateTracker(  264): default: Broadcast received: android.intent.action.ANY_DATA_STATE apnType=default
D/MobileDataStateTracker(  264): default: Received state=DISCONNECTED, old=DISCONNECTED, reason=dataDetached
I/ContactLocale(  397): AddressBook Labels [zh_CN]: [, A, B, C, D, E, F, G, H, I, J, K, L, M, N, O, P, Q, R, S, T, U, V, W, X, Y, Z, , , , , , , , , , , , , , , , , , , , , , , , , , , , , , , , , , , , , , , , , , , , , , , , , , , , , , , , , , , , , , , , , , , , , , , , , , , , , , , , , , , , , , , , , , , , , , , , , , , , , , , , , , , , , , , , , , , , , , , , , , , , , , , , , , , , , , , , , , , , , , , , , , , , , , , , , , , , #, ]
W/ActivityThread(  468): ClassLoader.loadClass: The class loader returned by Thread.getContextClassLoader() may fail for processes that host multiple applications. You should explicitly specify a context class loader. For example: Thread.setContextClassLoader(getClass().getClassLoader());
D/dalvikvm(  468): GC_CONCURRENT freed 271K, 9% free 3568K/3900K, paused 3ms+1ms, total 5ms
D/su      (  517): su invoked.
D/su      (  517): starting daemon client 1000 1000
D/su      (  519): remote pid: 517
D/su      (  519): remote pts_slave: 
D/su      (  519): waiting for child exit
D/su      (  521): su invoked.
W/Launcher(  468): setApplicationContext called twice! old=com.vphone.launcher.LauncherApplication@4a79cfbc new=com.vphone.launcher.LauncherApplication@4a79cfbc
D/su      (  521): 1000 /system/xbin/su executing 0 /system/bin/sh using binary /system/bin/sh : sh
D/su      (  519): sending code
D/su      (  519): child exited
D/su      (  517): client exited 255
I/dalvikvm(  468): Could not find method android.view.ViewAnimationUtils.createCircularReveal, referenced from method com.vphone.launcher.LauncherAnimUtils.createCircularReveal
W/dalvikvm(  468): VFY: unable to resolve static method 16870: Landroid/view/ViewAnimationUtils;.createCircularReveal (Landroid/view/View;IIFF)Landroid/animation/Animator;
D/dalvikvm(  468): VFY: replacing opcode 0x71 at 0x0000
D/dalvikvm(  468): GC_CONCURRENT freed 242K, 8% free 3764K/4068K, paused 1ms+0ms, total 5ms
W/ResourceType(  468): Attempt to retrieve bag 0x7f0e00a4 which is invalid or in a cycle.
W/Searchables(  264): No global search activity found
D/Launcher.Model(  468): 11683562 - loadWorkspace()
D/Launcher.Model(  468): 11683562 -   loadedOldDb: false
D/dalvikvm(  468): GC_CONCURRENT freed 92K, 4% free 4085K/4236K, paused 2ms+0ms, total 5ms
D/Launcher.Model(  468): Invalid package: ComponentInfo{com.vphone.launcher.ad.icon/com.vphone.launcher.icon} (check again later)
D/dalvikvm(  468): GC_CONCURRENT freed 348K, 9% free 4239K/4644K, paused 1ms+1ms, total 11ms
D/EventBus(  468): No subscribers registered for event class com.vphone.launcher.game.event.ThemeEvent
D/EventBus(  468): No subscribers registered for event class org.greenrobot.eventbus.NoSubscriberEvent
W/ContextImpl(  468): Calling a method in the system process without a qualified user: android.app.ContextImpl.startService:1492 android.content.ContextWrapper.startService:494 com.vphone.launcher.Launcher.g:677 com.vphone.launcher.Launcher.a:176 com.vphone.launcher.Launcher$11.run:633 
D/dalvikvm(  468): GC_CONCURRENT freed 424K, 10% free 4327K/4808K, paused 1ms+0ms, total 11ms
D/dalvikvm(  468): WAIT_FOR_CONCURRENT_GC blocked 4ms
D/dalvikvm(  468): WAIT_FOR_CONCURRENT_GC blocked 3ms
D/dalvikvm(  468): WAIT_FOR_CONCURRENT_GC blocked 5ms
D/dalvikvm(  468): WAIT_FOR_CONCURRENT_GC blocked 3ms
D/Launcher.Model(  468): 11683562 - loadWorkspaceScreensDb()
D/Launcher.Model(  468): 11683562 -   screens: { 0: 1 }
D/Launcher.Model(  468): 11683562 -   sBgWorkspaceScreens: 1
D/AndroidRuntime(  522): 
D/AndroidRuntime(  522): >>>>>> AndroidRuntime START com.android.internal.os.RuntimeInit <<<<<<
D/libEGL  (  468): loaded /system/lib/egl/libEGL_adreno.so
D/dalvikvm(  457): GC_CONCURRENT freed 270K, 10% free 3233K/3560K, paused 2ms+0ms, total 17ms
D/        (  468): HostConnection::get() New Host Connection established 0xb858d400, tid 468
D/libEGL  (  468): loaded /system/lib/egl/libGLESv1_CM_adreno.so
D/libEGL  (  468): loaded /system/lib/egl/libGLESv2_adreno.so
W/EGL_emulation(  468): eglSurfaceAttrib not implemented 3093 12436
D/OpenGLRenderer(  468): Enabling debug mode 0
D/dalvikvm(  468): GC_CONCURRENT freed 316K, 9% free 4408K/4832K, paused 2ms+0ms, total 4ms
D/AndroidRuntime(  522): CheckJNI is OFF
D/dalvikvm(  522): Using executionMode 2
D/dalvikvm(  522): Trying to load lib libjavacore.so 0x0
D/dalvikvm(  522): Added shared lib libjavacore.so 0x0
D/dalvikvm(  522): Trying to load lib libnativehelper.so 0x0
D/dalvikvm(  522): Added shared lib libnativehelper.so 0x0
D/dalvikvm(  522): No JNI_OnLoad found in libnativehelper.so 0x0, skipping init
D/dalvikvm(  522): Note: class Landroid/app/ActivityManagerNative; has 179 unimplemented (abstract) methods
V/RenderScript(  468): 0xb85a5040 Launching thread(s), CPUs 2
E/memtrack(  522): Couldn't load memtrack module (No such file or directory)
E/android.os.Debug(  522): failed to load memtrack module: -2
D/AndroidRuntime(  522): Calling main entry com.android.commands.am.Am
D/AndroidRuntime(  522): Shutting down VM
