I/ActivityManager(  264): Killing 445:com.android.settings/1000 (adj 9): remove task
I/WindowState(  264): WIN DEATH: Window{4a8d76e0 u0 com.android.settings/com.android.settings.Settings}
D/        (  167): HostConnection::get() New Host Connection established 0xb7cabe10, tid 1198
W/EGL_emulation(  468): eglSurfaceAttrib not implemented 3093 12436
W/ContextImpl(  264): Calling a method in the system process without a qualified user: android.app.ContextImpl.sendBroadcast:1123 com.android.server.InputMethodManagerService.hideCurrentInputLocked:1880 com.android.server.InputMethodManagerService.windowGainedFocus:1968 com.android.internal.view.IInputMethodManager$Stub.onTransact:221 com.android.server.InputMethodManagerService.onTransact:818 
W/ResourceType(  264): Skipping entry 0x7f05000e in package table 0 because it is not complex!
W/ResourceType(  264): Skipping entry 0x7f05000f in package table 0 because it is not complex!
D/AndroidRuntime( 1221): 
D/AndroidRuntime( 1221): >>>>>> AndroidRuntime START com.android.internal.os.RuntimeInit <<<<<<
D/AndroidRuntime( 1221): CheckJNI is OFF
D/dalvikvm( 1221): Using executionMode 2
D/dalvikvm( 1221): Trying to load lib libjavacore.so 0x0
D/dalvikvm( 1221): Added shared lib libjavacore.so 0x0
D/dalvikvm( 1221): Trying to load lib libnativehelper.so 0x0
D/dalvikvm( 1221): Added shared lib libnativehelper.so 0x0
D/dalvikvm( 1221): No JNI_OnLoad found in libnativehelper.so 0x0, skipping init
D/dalvikvm( 1221): Note: class Landroid/app/ActivityManagerNative; has 179 unimplemented (abstract) methods
E/memtrack( 1221): Couldn't load memtrack module (No such file or directory)
E/android.os.Debug( 1221): failed to load memtrack module: -2
D/AndroidRuntime( 1221): Calling main entry com.android.commands.pm.Pm
D/AndroidRuntime( 1221): Shutting down VM
E/cutils-trace( 1221): Error opening trace file: No such file or directory (2)
D/dalvikvm( 1221): GC_CONCURRENT freed 147K, 21% free 567K/716K, paused 1ms+0ms, total 1ms
I/ActivityManager(  264): START u0 {act=android.intent.action.MAIN cat=[android.intent.category.HOME] flg=0x10200000 cmp=com.vphone.launcher/.Launcher} from pid 264
W/ContextImpl(  264): Calling a method in the system process without a qualified user: android.app.ContextImpl.sendBroadcast:1123 com.android.server.InputMethodManagerService.hideCurrentInputLocked:1880 com.android.server.InputMethodManagerService.hideSoftInput:1843 com.android.internal.view.IInputMethodManager$Stub.onTransact:194 com.android.server.InputMethodManagerService.onTransact:818 
W/PropertyValuesHolder(  468): Method setBrightness() with type int not found on target class class mh
W/PropertyValuesHolder(  468): Method getBrightness() with type int not found on target class class mh
I/ActivityManager(  264): START u0 {act=android.intent.action.MAIN cat=[android.intent.category.LAUNCHER] flg=0x10200000 cmp=com.android.settings/.Settings bnds=[560,1130][698,1272] (has extras)} from pid 468
D/dalvikvm(  264): GC_FOR_ALLOC freed 1071K, 16% free 6043K/7192K, paused 8ms, total 8ms
W/ContextImpl(  468): Calling a method in the system process without a qualified user: android.app.ContextImpl.sendBroadcast:1137 android.content.ContextWrapper.sendBroadcast:370 com.vphone.launcher.Stats.recordLaunch:129 com.vphone.launcher.Launcher.c:3179 com.vphone.launcher.Launcher.onClickAppShortcut:3117 
I/ActivityManager(  264): Start proc com.android.settings for activity com.android.settings/.Settings: pid=1247 uid=1000 gids={41000, 1028, 1015, 1023, 3002, 3001, 3003, 1007}
I/dalvikvm( 1247): ignoring registerObject request in thread=1
I/dalvikvm( 1247): ignoring registerObject request in thread=1
W/DebugConnManager(  468): getNetworkInfo() on networkType 1
D/dalvikvm( 1247): GC_FOR_ALLOC freed 81K, 5% free 3041K/3184K, paused 2ms, total 3ms
I/dalvikvm-heap( 1247): Grow heap (frag case) to 3.633MB for 635808-byte allocation
D/dalvikvm( 1247): GC_FOR_ALLOC freed 2K, 4% free 3659K/3808K, paused 4ms, total 4ms
D/dalvikvm( 1247): GC_CONCURRENT freed 0K, 4% free 3659K/3808K, paused 3ms+0ms, total 6ms
D/BluetoothManagerService(  264): Message: 20
D/BluetoothManagerService(  264): Added callback: android.bluetooth.IBluetoothManagerCallback$Stub$Proxy@4a872bf8:true
D/BluetoothAdapter( 1247): 1249990844: getState() :  mService = null. Returning STATE_OFF
D/BluetoothManagerService(  264): Message: 30
E/BluetoothInputDevice( 1247): Could not bind to Bluetooth HID Service with Intent { act=android.bluetooth.IBluetoothInputDevice }
D/BluetoothManagerService(  264): Message: 30
E/BluetoothPan( 1247): Could not bind to Bluetooth Pan Service with Intent { act=android.bluetooth.IBluetoothPan }
D/LocalBluetoothProfileManager( 1247): Adding local MAP profile
D/BluetoothMap( 1247): Create BluetoothMap proxy object
D/BluetoothManagerService(  264): Message: 30
E/BluetoothMap( 1247): Could not bind to Bluetooth MAP Service with Intent { act=android.bluetooth.IBluetoothMap }
D/BluetoothManagerService(  264): Message: 30
E/BluetoothPbap( 1247): Could not bind to Bluetooth Pbap Service with Intent { act=android.bluetooth.IBluetoothPbap }
D/LocalBluetoothProfileManager( 1247): LocalBluetoothProfileManager construction complete
D/BluetoothAdapter( 1247): 1249990844: getState() :  mService = null. Returning STATE_OFF
D/BluetoothAdapter( 1247): 1249990844: getState() :  mService = null. Returning STATE_OFF
D/libEGL  ( 1247): loaded /system/lib/egl/libEGL_adreno.so
D/        ( 1247): HostConnection::get() New Host Connection established 0xb84fed70, tid 1247
D/libEGL  ( 1247): loaded /system/lib/egl/libGLESv1_CM_adreno.so
D/libEGL  ( 1247): loaded /system/lib/egl/libGLESv2_adreno.so
W/EGL_emulation( 1247): eglSurfaceAttrib not implemented 3093 12436
D/OpenGLRenderer( 1247): Enabling debug mode 0
D/AndroidRuntime( 1262): 
D/AndroidRuntime( 1262): >>>>>> AndroidRuntime START com.android.internal.os.RuntimeInit <<<<<<
D/WifiService(  264): setWifiEnabled: true pid=1247, uid=1000
D/dalvikvm( 1247): GC_CONCURRENT freed 99K, 4% free 3968K/4128K, paused 2ms+1ms, total 5ms
W/ContextImpl(  264): Calling a method in the system process without a qualified user: android.app.ContextImpl.sendBroadcast:1123 com.android.server.InputMethodManagerService.hideCurrentInputLocked:1880 com.android.server.InputMethodManagerService.windowGainedFocus:1968 com.android.internal.view.IInputMethodManager$Stub.onTransact:221 com.android.server.InputMethodManagerService.onTransact:818 
I/ActivityManager(  264): Displayed com.android.settings/.Settings: +479ms
D/AndroidRuntime( 1262): CheckJNI is OFF
D/dalvikvm( 1262): Using executionMode 2
D/dalvikvm( 1262): Trying to load lib libjavacore.so 0x0
D/dalvikvm( 1262): Added shared lib libjavacore.so 0x0
D/dalvikvm( 1262): Trying to load lib libnativehelper.so 0x0
D/dalvikvm( 1262): Added shared lib libnativehelper.so 0x0
D/dalvikvm( 1262): No JNI_OnLoad found in libnativehelper.so 0x0, skipping init
D/dalvikvm( 1262): Note: class Landroid/app/ActivityManagerNative; has 179 unimplemented (abstract) methods
E/memtrack( 1262): Couldn't load memtrack module (No such file or directory)
E/android.os.Debug( 1262): failed to load memtrack module: -2
D/AndroidRuntime( 1262): Calling main entry com.android.commands.pm.Pm
D/AndroidRuntime( 1262): Shutting down VM
E/cutils-trace( 1262): Error opening trace file: No such file or directory (2)
D/dalvikvm( 1262): GC_CONCURRENT freed 147K, 21% free 567K/716K, paused 0ms+0ms, total 0ms
I/ActivityManager(  264): START u0 {act=android.intent.action.MAIN cmp=com.android.settings/.SubSettings (has extras)} from pid 1247
D/SubSettings( 1247): Launching fragment com.android.settings.DeviceInfoSettings
D/dalvikvm( 1247): GC_CONCURRENT freed 99K, 4% free 4301K/4464K, paused 1ms+0ms, total 5ms
W/EGL_emulation( 1247): eglSurfaceAttrib not implemented 3093 12436
I/ActivityManager(  264): Displayed com.android.settings/.SubSettings: +158ms
W/ContextImpl(  264): Calling a method in the system process without a qualified user: android.app.ContextImpl.sendBroadcast:1123 com.android.server.InputMethodManagerService.hideCurrentInputLocked:1880 com.android.server.InputMethodManagerService.windowGainedFocus:1968 com.android.internal.view.IInputMethodManager$Stub.onTransact:221 com.android.server.InputMethodManagerService.onTransact:818 
I/NotificationService(  264): cancelToast pkg=com.android.settings callback=android.app.ITransientNotification$Stub$Proxy@4a8f0070
I/NotificationService(  264): cancelToast pkg=com.android.settings callback=android.app.ITransientNotification$Stub$Proxy@4a7a61b8
I/NotificationService(  264): cancelToast pkg=com.android.settings callback=android.app.ITransientNotification$Stub$Proxy@4a7f8760
I/NotificationService(  264): cancelToast pkg=com.android.settings callback=android.app.ITransientNotification$Stub$Proxy@4a7af080
D/dalvikvm(  264): GC_CONCURRENT freed 409K, 13% free 6312K/7192K, paused 1ms+1ms, total 7ms
D/ConnectivityService(  264): Sampling interval elapsed, updating statistics ..
D/ConnectivityService(  264): Done.
D/ConnectivityService(  264): Setting timer for 720seconds
